 zlibwapi

 Timestamp is 5cfe5485 (Mon Jun 10 15:00:53 2019)

 Preferred load address is 10000000

 Start         Length     Name                   Class
 0001:00000000 0004e429H .text$mn                CODE
 0002:00000000 00000168H .idata$5                DATA
 0002:00000168 00000004H .00cfg                  DATA
 0002:0000016c 00000004H .CRT$XCA                DATA
 0002:00000170 00000004H .CRT$XCZ                DATA
 0002:00000174 00000004H .CRT$XIA                DATA
 0002:00000178 0000000cH .CRT$XIC                DATA
 0002:00000184 00000004H .CRT$XIZ                DATA
 0002:00000188 00000004H .CRT$XPA                DATA
 0002:0000018c 00000008H .CRT$XPX                DATA
 0002:00000194 00000004H .CRT$XPXA               DATA
 0002:00000198 00000004H .CRT$XPZ                DATA
 0002:0000019c 00000004H .CRT$XTA                DATA
 0002:000001a0 00000010H .CRT$XTZ                DATA
 0002:000001b0 0000b4fcH .rdata                  DATA
 0002:0000b6ac 0000020cH .rdata$r                DATA
 0002:0000b8b8 00000330H .rdata$zzzdbg           DATA
 0002:0000bbe8 00000004H .rtc$IAA                DATA
 0002:0000bbec 00000004H .rtc$IZZ                DATA
 0002:0000bbf0 00000004H .rtc$TAA                DATA
 0002:0000bbf4 00000004H .rtc$TZZ                DATA
 0002:0000bbf8 000008b8H .xdata$x                DATA
 0002:0000c4b0 00000cfcH .edata                  DATA
 0002:0000d1ac 00000014H .idata$2                DATA
 0002:0000d1c0 00000014H .idata$3                DATA
 0002:0000d1d4 00000168H .idata$4                DATA
 0002:0000d33c 00000698H .idata$6                DATA
 0003:00000000 000008b0H .data                   DATA
 0003:000008b0 000000b8H .data$r                 DATA
 0003:00000968 000012b8H .bss                    DATA
 0004:00000000 000000ecH .gfids$x                DATA
 0004:000000ec 00000078H .gfids$y                DATA
 0005:00000000 00000060H .rsrc$01                DATA
 0005:00000060 00000338H .rsrc$02                DATA

  Address         Publics by Value              Rva+Base       Lib:Object

 0000:00000000       ___guard_fids_count        00000000     <absolute>
 0000:00000000       ___guard_fids_table        00000000     <absolute>
 0000:00000000       ___guard_longjmp_count     00000000     <absolute>
 0000:00000000       ___guard_iat_table         00000000     <absolute>
 0000:00000000       ___safe_se_handler_count   00000000     <absolute>
 0000:00000000       ___guard_longjmp_table     00000000     <absolute>
 0000:00000000       __except_list              00000000     <absolute>
 0000:00000000       ___dynamic_value_reloc_table 00000000     <absolute>
 0000:00000000       ___guard_iat_count         00000000     <absolute>
 0000:00000000       ___safe_se_handler_table   00000000     <absolute>
 0000:00000100       ___guard_flags             00000100     <absolute>
 0000:00000000       ___ImageBase               10000000     <linker-defined>
 0001:00000000       _adler32_z@12              10001000 f   adler32.obj
 0001:00000280       _adler32@12                10001280 f   adler32.obj
 0001:00000350       _adler32_combine@12        10001350 f   adler32.obj
 0001:00000370       _compress2@20              10001370 f   compress.obj
 0001:00000450       _compress@16               10001450 f   compress.obj
 0001:00000470       _compressBound@4           10001470 f   compress.obj
 0001:00000490       _get_crc_table@0           10001490 f   crc32.obj
 0001:000004a0       _crc32_z@12                100014a0 f   crc32.obj
 0001:000004d0       _crc32@12                  100014d0 f   crc32.obj
 0001:00000ba0       _crc32_combine@12          10001ba0 f   crc32.obj
 0001:00000c10       _deflateInit_@16           10001c10 f   deflate.obj
 0001:00000c30       _deflateInit2_@32          10001c30 f   deflate.obj
 0001:00000ed0       _deflateSetDictionary@12   10001ed0 f   deflate.obj
 0001:00001080       _deflateGetDictionary@12   10002080 f   deflate.obj
 0001:000010e0       _deflateResetKeep@4        100020e0 f   deflate.obj
 0001:00001190       _deflateReset@4            10002190 f   deflate.obj
 0001:000011c0       _deflateSetHeader@8        100021c0 f   deflate.obj
 0001:000011f0       _deflatePending@12         100021f0 f   deflate.obj
 0001:00001230       _deflatePrime@12           10002230 f   deflate.obj
 0001:000012c0       _deflateParams@12          100022c0 f   deflate.obj
 0001:00001410       _deflateTune@20            10002410 f   deflate.obj
 0001:00001460       _deflateBound@8            10002460 f   deflate.obj
 0001:000015d0       _deflate@8                 100025d0 f   deflate.obj
 0001:00001e60       _deflateEnd@4              10002e60 f   deflate.obj
 0001:00001f00       _deflateCopy@8             10002f00 f   deflate.obj
 0001:000031f0       _gzclose@4                 100041f0 f   gzclose.obj
 0001:00003220       ___local_stdio_printf_options 10004220 f i gzlib.obj
 0001:00003230       _vsnprintf                 10004230 f i gzlib.obj
 0001:00003270       _snprintf                  10004270 f i gzlib.obj
 0001:00003620       _gzopen@8                  10004620 f   gzlib.obj
 0001:00003640       _gzdopen@8                 10004640 f   gzlib.obj
 0001:000036a0       _gzopen_w@8                100046a0 f   gzlib.obj
 0001:000036c0       _gzbuffer@8                100046c0 f   gzlib.obj
 0001:00003710       _gzrewind@4                10004710 f   gzlib.obj
 0001:00003770       _gzseek64@16               10004770 f   gzlib.obj
 0001:00003900       _gzseek@12                 10004900 f   gzlib.obj
 0001:00003940       _gztell64@4                10004940 f   gzlib.obj
 0001:000039a0       _gztell@4                  100049a0 f   gzlib.obj
 0001:000039d0       _gzoffset64@4              100049d0 f   gzlib.obj
 0001:00003a20       _gzoffset@4                10004a20 f   gzlib.obj
 0001:00003a50       _gzeof@4                   10004a50 f   gzlib.obj
 0001:00003a90       _gzerror@8                 10004a90 f   gzlib.obj
 0001:00003ae0       _gzclearerr@4              10004ae0 f   gzlib.obj
 0001:00003b20       _gz_error                  10004b20 f   gzlib.obj
 0001:000041d0       _gzread@12                 100051d0 f   gzread.obj
 0001:00004240       _gzfread@16                10005240 f   gzread.obj
 0001:000042c0       _gzgetc@4                  100052c0 f   gzread.obj
 0001:00004330       _gzgetc_@4                 10005330 f   gzread.obj
 0001:00004340       _gzungetc@8                10005340 f   gzread.obj
 0001:00004420       _gzgets@12                 10005420 f   gzread.obj
 0001:00004540       _gzdirect@4                10005540 f   gzread.obj
 0001:00004580       _gzclose_r@4               10005580 f   gzread.obj
 0001:000049e0       _gzwrite@12                100059e0 f   gzwrite.obj
 0001:00004a30       _gzfwrite@16               10005a30 f   gzwrite.obj
 0001:00004aa0       _gzputc@8                  10005aa0 f   gzwrite.obj
 0001:00004b70       _gzputs@8                  10005b70 f   gzwrite.obj
 0001:00004bc0       _gzvprintf                 10005bc0 f   gzwrite.obj
 0001:00004cf0       _gzprintf                  10005cf0 f   gzwrite.obj
 0001:00004d10       _gzflush@8                 10005d10 f   gzwrite.obj
 0001:00004d80       _gzsetparams@12            10005d80 f   gzwrite.obj
 0001:00004e40       _gzclose_w@4               10005e40 f   gzwrite.obj
 0001:00004f10       _inflateBackInit_@20       10005f10 f   infback.obj
 0001:00005010       _inflateBack@20            10006010 f   infback.obj
 0001:00005da0       _inflateBackEnd@4          10006da0 f   infback.obj
 0001:00005e20       _inflateResetKeep@4        10006e20 f   inflate.obj
 0001:00005ec0       _inflateReset@4            10006ec0 f   inflate.obj
 0001:00005f00       _inflateReset2@8           10006f00 f   inflate.obj
 0001:00005f90       _inflateInit2_@16          10006f90 f   inflate.obj
 0001:00006060       _inflateInit_@12           10007060 f   inflate.obj
 0001:00006080       _inflatePrime@12           10007080 f   inflate.obj
 0001:00006210       _inflate@8                 10007210 f   inflate.obj
 0001:00007970       _inflateEnd@4              10008970 f   inflate.obj
 0001:000079c0       _inflateGetDictionary@12   100089c0 f   inflate.obj
 0001:00007a30       _inflateSetDictionary@12   10008a30 f   inflate.obj
 0001:00007ae0       _inflateGetHeader@8        10008ae0 f   inflate.obj
 0001:00007ba0       _inflateSync@4             10008ba0 f   inflate.obj
 0001:00007c90       _inflateSyncPoint@4        10008c90 f   inflate.obj
 0001:00007cd0       _inflateCopy@8             10008cd0 f   inflate.obj
 0001:00007e20       _inflateUndermine@8        10008e20 f   inflate.obj
 0001:00007e50       _inflateValidate@8         10008e50 f   inflate.obj
 0001:00007e90       _inflateMark@4             10008e90 f   inflate.obj
 0001:00007f00       _inflateCodesUsed@4        10008f00 f   inflate.obj
 0001:00007f30       _inflate_table             10008f30 f   inftrees.obj
 0001:00008330       _call_zopen64              10009330 f   ioapi.obj
 0001:00008350       _call_zseek64              10009350 f   ioapi.obj
 0001:000083a0       _call_ztell64              100093a0 f   ioapi.obj
 0001:000083d0       _fill_zlib_filefunc64_32_def_from_filefunc32 100093d0 f   ioapi.obj
 0001:000085e0       _fill_fopen64_filefunc     100095e0 f   ioapi.obj
 0001:000086d0       _win32_open64_file_func    100096d0 f   iowin32.obj
 0001:00008730       _win32_open64_file_funcA   10009730 f   iowin32.obj
 0001:00008790       _win32_open64_file_funcW   10009790 f   iowin32.obj
 0001:000087f0       _win32_open_file_func      100097f0 f   iowin32.obj
 0001:00008850       _win32_read_file_func      10009850 f   iowin32.obj
 0001:000088a0       _win32_write_file_func     100098a0 f   iowin32.obj
 0001:00008950       _win32_tell_file_func      10009950 f   iowin32.obj
 0001:000089a0       _win32_tell64_file_func    100099a0 f   iowin32.obj
 0001:00008a00       _win32_seek_file_func      10009a00 f   iowin32.obj
 0001:00008a70       _win32_seek64_file_func    10009a70 f   iowin32.obj
 0001:00008af0       _win32_close_file_func     10009af0 f   iowin32.obj
 0001:00008b20       _win32_error_file_func     10009b20 f   iowin32.obj
 0001:00008b40       _fill_win32_filefunc       10009b40 f   iowin32.obj
 0001:00008b80       _fill_win32_filefunc64     10009b80 f   iowin32.obj
 0001:00008bc0       _fill_win32_filefunc64A    10009bc0 f   iowin32.obj
 0001:00008c00       _fill_win32_filefunc64W    10009c00 f   iowin32.obj
 0001:00008c50       __tr_init                  10009c50 f   trees.obj
 0001:00009bd0       __tr_stored_block          1000abd0 f   trees.obj
 0001:00009cc0       __tr_flush_bits            1000acc0 f   trees.obj
 0001:00009cd0       __tr_align                 1000acd0 f   trees.obj
 0001:00009dc0       __tr_flush_block           1000adc0 f   trees.obj
 0001:0000a540       _uncompress2@16            1000b540 f   uncompr.obj
 0001:0000a670       _uncompress@16             1000b670 f   uncompr.obj
 0001:0000a9c0       _unzStringFileNameCompare@12 1000b9c0 f   unzip.obj
 0001:0000b270       _unzOpen2@8                1000c270 f   unzip.obj
 0001:0000b2c0       _unzOpen2_64@8             1000c2c0 f   unzip.obj
 0001:0000b320       _unzOpen@4                 1000c320 f   unzip.obj
 0001:0000b340       _unzOpen64@4               1000c340 f   unzip.obj
 0001:0000b360       _unzClose@4                1000c360 f   unzip.obj
 0001:0000b3a0       _unzGetGlobalInfo64@8      1000c3a0 f   unzip.obj
 0001:0000b3d0       _unzGetGlobalInfo@8        1000c3d0 f   unzip.obj
 0001:0000ba40       _unzGetCurrentFileInfo64@32 1000ca40 f   unzip.obj
 0001:0000ba70       _unzGetCurrentFileInfo@32  1000ca70 f   unzip.obj
 0001:0000bb30       _unzGoToFirstFile@4        1000cb30 f   unzip.obj
 0001:0000bba0       _unzGoToNextFile@4         1000cba0 f   unzip.obj
 0001:0000bc50       _unzLocateFile@12          1000cc50 f   unzip.obj
 0001:0000be00       _unzGetFilePos64@8         1000ce00 f   unzip.obj
 0001:0000be50       _unzGetFilePos@8           1000ce50 f   unzip.obj
 0001:0000be80       _unzGoToFilePos64@8        1000ce80 f   unzip.obj
 0001:0000bef0       _unzGoToFilePos@8          1000cef0 f   unzip.obj
 0001:0000c190       _unzOpenCurrentFile3@20    1000d190 f   unzip.obj
 0001:0000c400       _unzOpenCurrentFile@4      1000d400 f   unzip.obj
 0001:0000c420       _unzOpenCurrentFilePassword@8 1000d420 f   unzip.obj
 0001:0000c440       _unzOpenCurrentFile2@16    1000d440 f   unzip.obj
 0001:0000c460       _unzGetCurrentFileZStreamPos64@4 1000d460 f   unzip.obj
 0001:0000c4a0       _unzReadCurrentFile@12     1000d4a0 f   unzip.obj
 0001:0000c760       _unztell@4                 1000d760 f   unzip.obj
 0001:0000c790       _unztell64@4               1000d790 f   unzip.obj
 0001:0000c7c0       _unzeof@4                  1000d7c0 f   unzip.obj
 0001:0000c800       _unzGetLocalExtrafield@12  1000d800 f   unzip.obj
 0001:0000c8d0       _unzCloseCurrentFile@4     1000d8d0 f   unzip.obj
 0001:0000c970       _unzGetGlobalComment@12    1000d970 f   unzip.obj
 0001:0000d550       _LoadCentralDirectoryRecord 1000e550 f   zip.obj
 0001:0000d9f0       _zipOpen3@16               1000e9f0 f   zip.obj
 0001:0000db60       _zipOpen2@16               1000eb60 f   zip.obj
 0001:0000dbb0       _zipOpen2_64@16            1000ebb0 f   zip.obj
 0001:0000dc10       _zipOpen@8                 1000ec10 f   zip.obj
 0001:0000dc30       _zipOpen64@8               1000ec30 f   zip.obj
 0001:0000dc50       _Write_LocalFileHeader     1000ec50 f   zip.obj
 0001:0000de70       _zipOpenNewFileInZip4_64@76 1000ee70 f   zip.obj
 0001:0000e370       _zipOpenNewFileInZip3@64   1000f370 f   zip.obj
 0001:0000e3c0       _zipOpenNewFileInZip3_64@68 1000f3c0 f   zip.obj
 0001:0000e410       _zipOpenNewFileInZip2@44   1000f410 f   zip.obj
 0001:0000e450       _zipOpenNewFileInZip2_64@48 1000f450 f   zip.obj
 0001:0000e490       _zipOpenNewFileInZip64@44  1000f490 f   zip.obj
 0001:0000e4d0       _zipOpenNewFileInZip@40    1000f4d0 f   zip.obj
 0001:0000e5d0       _zipWriteInFileInZip@12    1000f5d0 f   zip.obj
 0001:0000e6d0       _zipCloseFileInZipRaw@12   1000f6d0 f   zip.obj
 0001:0000e6f0       _zipCloseFileInZipRaw64@16 1000f6f0 f   zip.obj
 0001:0000ebd0       _zipCloseFileInZip@4       1000fbd0 f   zip.obj
 0001:0000ebf0       _Write_Zip64EndOfCentralDirectoryLocator 1000fbf0 f   zip.obj
 0001:0000ec70       _Write_Zip64EndOfCentralDirectoryRecord 1000fc70 f   zip.obj
 0001:0000ed90       _Write_EndOfCentralDirectoryRecord 1000fd90 f   zip.obj
 0001:0000eed0       _Write_GlobalComment       1000fed0 f   zip.obj
 0001:0000ef40       _zipClose@8                1000ff40 f   zip.obj
 0001:0000f0d0       _zlibVersion@0             100100d0 f   zutil.obj
 0001:0000f0e0       _zlibCompileFlags@0        100100e0 f   zutil.obj
 0001:0000f0f0       _zError@4                  100100f0 f   zutil.obj
 0001:0000f110       _zcalloc                   10010110 f   zutil.obj
 0001:0000f130       _zcfree                    10010130 f   zutil.obj
 0001:0000f140       _longest_match             10010140 f   match686.obj
 0001:0000f328       _match_init                10010328 f   match686.obj
 0001:0000f430       _inflate_fast              10010430 f   inffas32.obj
 0001:0000fac4       _ReadFile@20               10010ac4 f   kernel32:KERNEL32.dll
 0001:0000faca       _WriteFile@20              10010aca f   kernel32:KERNEL32.dll
 0001:0000fad0       _SetFilePointer@16         10010ad0 f   kernel32:KERNEL32.dll
 0001:0000fad6       _CreateFileW@28            10010ad6 f   kernel32:KERNEL32.dll
 0001:0000fadc       _GetLastError@0            10010adc f   kernel32:KERNEL32.dll
 0001:0000fae2       _CreateFileA@28            10010ae2 f   kernel32:KERNEL32.dll
 0001:0000fae8       _CloseHandle@4             10010ae8 f   kernel32:KERNEL32.dll
 0001:0000fdf6       __CRT_INIT@12              10010df6 f   LIBCMT:dll_dllmain.obj
 0001:0000fdff       __DllMainCRTStartup@12     10010dff f   LIBCMT:dll_dllmain.obj
 0001:0000fe22       ??$__crt_fast_decode_pointer@PAP6AXXZ@@YAPAP6AXXZQAP6AXXZ@Z 10010e22 f i LIBCMT:utility.obj
 0001:0000fe36       ??$__crt_fast_encode_pointer@PAP6AXXZ@@YAPAP6AXXZQAP6AXXZ@Z 10010e36 f i LIBCMT:utility.obj
 0001:0000fe53       ?__crt_rotate_pointer_value@@YAIIH@Z 10010e53 f i LIBCMT:utility.obj
 0001:0000fe60       ?configure_argv@__scrt_narrow_argv_policy@@SAHXZ 10010e60 f i LIBCMT:utility.obj
 0001:0000fee4       _NtCurrentTeb              10010ee4 f i LIBCMT:utility.obj
 0001:0000feeb       ___scrt_acquire_startup_lock 10010eeb f   LIBCMT:utility.obj
 0001:0000ff20       ___scrt_dllmain_after_initialize_c 10010f20 f   LIBCMT:utility.obj
 0001:0000ff4b       ___scrt_dllmain_before_initialize_c 10010f4b f   LIBCMT:utility.obj
 0001:0000ff59       ___scrt_dllmain_crt_thread_attach 10010f59 f   LIBCMT:utility.obj
 0001:0000ff78       ___scrt_dllmain_crt_thread_detach 10010f78 f   LIBCMT:utility.obj
 0001:0000ff85       ___scrt_dllmain_exception_filter 10010f85 f   LIBCMT:utility.obj
 0001:0000ffb8       ___scrt_dllmain_uninitialize_c 10010fb8 f   LIBCMT:utility.obj
 0001:0000ffdb       ___scrt_dllmain_uninitialize_critical 10010fdb f   LIBCMT:utility.obj
 0001:0000ffe8       ___scrt_initialize_crt     10010fe8 f   LIBCMT:utility.obj
 0001:00010021       ___scrt_initialize_onexit_tables 10011021 f   LIBCMT:utility.obj
 0001:000100b8       ___scrt_is_nonwritable_in_current_image 100110b8 f   LIBCMT:utility.obj
 0001:00010142       ___scrt_release_startup_lock 10011142 f   LIBCMT:utility.obj
 0001:0001015f       ___scrt_uninitialize_crt   1001115f f   LIBCMT:utility.obj
 0001:00010187       __onexit                   10011187 f   LIBCMT:utility.obj
 0001:000101c2       _at_quick_exit             100111c2 f   LIBCMT:utility.obj
 0001:000101f3       _atexit                    100111f3 f   LIBCMT:utility.obj
 0001:00010208       ___security_init_cookie    10011208 f   LIBCMT:gs_support.obj
 0001:000102a4       _DllMain@12                100112a4 f   LIBCMT:dll_dllmain_stub.obj
 0001:000102aa       ?__scrt_initialize_type_info@@YAXXZ 100112aa f   LIBCMT:tncleanup.obj
 0001:000102b6       ?__scrt_uninitialize_type_info@@YAXXZ 100112b6 f   LIBCMT:tncleanup.obj
 0001:000102c2       ___local_stdio_scanf_options 100112c2 f i LIBCMT:default_local_stdio_options.obj
 0001:000102c8       ___scrt_initialize_default_local_stdio_options 100112c8 f   LIBCMT:default_local_stdio_options.obj
 0001:000102e5       ___scrt_get_dyn_tls_init_callback 100112e5 f   LIBCMT:dyn_tls_init.obj
 0001:000102eb       ___scrt_fastfail           100112eb f   LIBCMT:utility_desktop.obj
 0001:00010406       ___scrt_get_show_window_mode 10011406 f   LIBCMT:utility_desktop.obj
 0001:00010439       ___scrt_initialize_winrt   10011439 f   LIBCMT:utility_desktop.obj
 0001:0001043c       ___scrt_is_managed_app     1001143c f   LIBCMT:utility_desktop.obj
 0001:00010480       ___scrt_set_unhandled_exception_filter 10011480 f   LIBCMT:utility_desktop.obj
 0001:0001048c       ___scrt_unhandled_exception_filter@4 1001148c f   LIBCMT:utility_desktop.obj
 0001:000104cd       __crt_debugger_hook        100114cd f   LIBCMT:utility_desktop.obj
 0001:000104d5       __RTC_Initialize           100114d5 f   LIBCMT:_initsect_.obj
 0001:00010500       __RTC_Terminate            10011500 f   LIBCMT:_initsect_.obj
 0001:0001052b       @_guard_check_icall@4      1001152b f i LIBCMT:checkcfg.obj
 0001:00010540       __SEH_prolog4              10011540 f   LIBCMT:_sehprolg4_.obj
 0001:00010586       __SEH_epilog4              10011586 f   LIBCMT:_sehprolg4_.obj
 0001:0001059b       ___isa_available_init      1001159b f   LIBCMT:_cpu_disp_.obj
 0001:00010735       __get_startup_argv_mode    10011735 f   LIBCMT:argv_mode.obj
 0001:00010739       ___scrt_is_ucrt_dll_in_use 10011739 f   LIBCMT:ucrt_detection.obj
 0001:00010745       @_guard_check_icall_nop@4  10011745 f i LIBCMT:guard_support.obj
 0001:00010746       __guard_icall_checks_enforced 10011746 f i LIBCMT:guard_support.obj
 0001:00010758       @__security_check_cookie@4 10011758 f   LIBCMT:_secchk_.obj
 0001:00010769       ___raise_securityfailure   10011769 f   LIBCMT:gs_report.obj
 0001:00010791       ___report_gsfailure        10011791 f   LIBCMT:gs_report.obj
 0001:0001088c       ___report_rangecheckfailure 1001188c f   LIBCMT:gs_report.obj
 0001:00010898       ___report_securityfailure  10011898 f   LIBCMT:gs_report.obj
 0001:00010968       ___report_securityfailureEx 10011968 f   LIBCMT:gs_report.obj
 0001:00010a80       _memchr                    10011a80 f   libvcruntime:memchr.obj
 0001:00010b70       __except_handler4          10011b70 f   libvcruntime:_chandler4_.obj
 0001:00010cd6       ___vcrt_initialize         10011cd6 f   libvcruntime:initialization.obj
 0001:00010cff       ___vcrt_thread_attach      10011cff f   libvcruntime:initialization.obj
 0001:00010d0a       ___vcrt_thread_detach      10011d0a f   libvcruntime:initialization.obj
 0001:00010d15       ___vcrt_uninitialize       10011d15 f   libvcruntime:initialization.obj
 0001:00010d34       ___vcrt_uninitialize_critical 10011d34 f   libvcruntime:initialization.obj
 0001:00010d4b       ??$?RD@__crt_internal_free_policy@@QBEXQBD@Z 10011d4b f i libvcruntime:std_type_info.obj
 0001:00010d5b       ??$?RX@__crt_internal_free_policy@@QBEXQBX@Z 10011d5b f i libvcruntime:std_type_info.obj
 0001:00010d6b       ??$__crt_interlocked_compare_exchange_pointer@$$CBD$$T$$T@@YAPBDPDSBD$$T1@Z 10011d6b f i libvcruntime:std_type_info.obj
 0001:00010d7d       ??$__crt_interlocked_compare_exchange_pointer@$$CBDPAD$$T@@YAPBDPDSBDQAD$$T@Z 10011d7d f i libvcruntime:std_type_info.obj
 0001:00010d8f       ??$__crt_interlocked_read_pointer@$$CBD@@YAPBDPDSBD@Z 10011d8f f i libvcruntime:std_type_info.obj
 0001:00010d9f       ??0?$__crt_unique_heap_ptr@DU__crt_internal_free_policy@@@@QAE@QAD@Z 10011d9f f i libvcruntime:std_type_info.obj
 0001:00010dad       ??0?$__crt_unique_heap_ptr@XU__crt_internal_free_policy@@@@QAE@QAX@Z 10011dad f i libvcruntime:std_type_info.obj
 0001:00010dbb       ??1?$__crt_unique_heap_ptr@DU__crt_internal_free_policy@@@@QAE@XZ 10011dbb f i libvcruntime:std_type_info.obj
 0001:00010dcb       ??1?$__crt_unique_heap_ptr@XU__crt_internal_free_policy@@@@QAE@XZ 10011dcb f i libvcruntime:std_type_info.obj
 0001:00010de7       ??B?$__crt_unique_heap_ptr@DU__crt_internal_free_policy@@@@QBE_NXZ 10011de7 f i libvcruntime:std_type_info.obj
 0001:00010dee       ??B?$__crt_unique_heap_ptr@XU__crt_internal_free_policy@@@@QBE_NXZ 10011dee f i libvcruntime:std_type_info.obj
 0001:00010e15       ?detach@?$__crt_unique_heap_ptr@XU__crt_internal_free_policy@@@@QAEPAXXZ 10011e15 f i libvcruntime:std_type_info.obj
 0001:00010e1b       ?get@?$__crt_unique_heap_ptr@DU__crt_internal_free_policy@@@@QBEPADXZ 10011e1b f i libvcruntime:std_type_info.obj
 0001:00010e1e       ?get@?$__crt_unique_heap_ptr@XU__crt_internal_free_policy@@@@QBEPAXXZ 10011e1e f i libvcruntime:std_type_info.obj
 0001:00010e21       ?is_valid@?$__crt_unique_heap_ptr@DU__crt_internal_free_policy@@@@QBE_NXZ 10011e21 f i libvcruntime:std_type_info.obj
 0001:00010e28       ?is_valid@?$__crt_unique_heap_ptr@XU__crt_internal_free_policy@@@@QBE_NXZ 10011e28 f i libvcruntime:std_type_info.obj
 0001:00010e2f       ?release@?$__crt_unique_heap_ptr@DU__crt_internal_free_policy@@@@QAEXXZ 10011e2f f i libvcruntime:std_type_info.obj
 0001:00010e3f       ?release@?$__crt_unique_heap_ptr@XU__crt_internal_free_policy@@@@QAEXXZ 10011e3f f i libvcruntime:std_type_info.obj
 0001:00010e4f       ___std_type_info_compare   10011e4f f   libvcruntime:std_type_info.obj
 0001:00010e8b       ___std_type_info_destroy_list 10011e8b f   libvcruntime:std_type_info.obj
 0001:00010eae       ___std_type_info_hash      10011eae f   libvcruntime:std_type_info.obj
 0001:00010ed4       ___std_type_info_name      10011ed4 f   libvcruntime:std_type_info.obj
 0001:00010fa0       _memset                    10011fa0 f   libvcruntime:memset.obj
 0001:00011100       __local_unwind4            10012100 f   libvcruntime:_exsup4_.obj
 0001:000111d6       __seh_longjmp_unwind4@4    100121d6 f   libvcruntime:_exsup4_.obj
 0001:000111fe       @_EH4_CallFilterFunc@8     100121fe f   libvcruntime:_exsup4_.obj
 0001:00011215       @_EH4_TransferToHandler@8  10012215 f   libvcruntime:_exsup4_.obj
 0001:0001122e       @_EH4_GlobalUnwind2@8      1001222e f   libvcruntime:_exsup4_.obj
 0001:00011247       @_EH4_LocalUnwind@16       10012247 f   libvcruntime:_exsup4_.obj
 0001:0001125e       ___except_validate_context_record 1001225e f   libvcruntime:jbcxrval.obj
 0001:0001125f       ___except_validate_jump_buffer 1001225f f   libvcruntime:jbcxrval.obj
 0001:00011260       ??$?RU__vcrt_ptd@@@__crt_internal_free_policy@@QBEXQBU__vcrt_ptd@@@Z 10012260 f i libvcruntime:per_thread_data.obj
 0001:00011270       ??0?$__crt_unique_heap_ptr@U__vcrt_ptd@@U__crt_internal_free_policy@@@@QAE@QAU__vcrt_ptd@@@Z 10012270 f i libvcruntime:per_thread_data.obj
 0001:0001128d       ??1?$__crt_unique_heap_ptr@U__vcrt_ptd@@U__crt_internal_free_policy@@@@QAE@XZ 1001228d f i libvcruntime:per_thread_data.obj
 0001:000112a6       ??B?$__crt_unique_heap_ptr@U__vcrt_ptd@@U__crt_internal_free_policy@@@@QBE_NXZ 100122a6 f i libvcruntime:per_thread_data.obj
 0001:000112ad       ?detach@?$__crt_unique_heap_ptr@U__vcrt_ptd@@U__crt_internal_free_policy@@@@QAEPAU__vcrt_ptd@@XZ 100122ad f i libvcruntime:per_thread_data.obj
 0001:000112b3       ?get@?$__crt_unique_heap_ptr@U__vcrt_ptd@@U__crt_internal_free_policy@@@@QBEPAU__vcrt_ptd@@XZ 100122b3 f i libvcruntime:per_thread_data.obj
 0001:000112b6       ?is_valid@?$__crt_unique_heap_ptr@U__vcrt_ptd@@U__crt_internal_free_policy@@@@QBE_NXZ 100122b6 f i libvcruntime:per_thread_data.obj
 0001:000112bd       ?release@?$__crt_unique_heap_ptr@U__vcrt_ptd@@U__crt_internal_free_policy@@@@QAEXXZ 100122bd f i libvcruntime:per_thread_data.obj
 0001:000112e7       ___vcrt_freefls@4          100122e7 f   libvcruntime:per_thread_data.obj
 0001:00011303       ___vcrt_freeptd            10012303 f   libvcruntime:per_thread_data.obj
 0001:00011339       ___vcrt_getptd             10012339 f   libvcruntime:per_thread_data.obj
 0001:00011347       ___vcrt_getptd_noexit      10012347 f   libvcruntime:per_thread_data.obj
 0001:000113d9       ___vcrt_initialize_ptd     100123d9 f   libvcruntime:per_thread_data.obj
 0001:0001140c       ___vcrt_uninitialize_ptd   1001240c f   libvcruntime:per_thread_data.obj
 0001:00011427       ___vcrt_initialize_locks   10012427 f   libvcruntime:locks.obj
 0001:00011463       ___vcrt_lock               10012463 f   libvcruntime:locks.obj
 0001:00011478       ___vcrt_uninitialize_locks 10012478 f   libvcruntime:locks.obj
 0001:000114a7       ___vcrt_unlock             100124a7 f   libvcruntime:locks.obj
 0001:000114bc       ??$?BX@__crt_fast_encoded_nullptr_t@@QBEPAXXZ 100124bc f i libvcruntime:winapi_downlevel.obj
 0001:000114d4       ??$__crt_fast_decode_pointer@PAX@@YAPAXQAX@Z 100124d4 f i libvcruntime:winapi_downlevel.obj
 0001:000114e8       ??$__crt_fast_encode_pointer@PAX@@YAPAXQAX@Z 100124e8 f i libvcruntime:winapi_downlevel.obj
 0001:00011505       ??$__crt_interlocked_compare_exchange_pointer@UHINSTANCE__@@$$T$$T@@YAPAUHINSTANCE__@@PDSAU0@$$T1@Z 10012505 f i libvcruntime:winapi_downlevel.obj
 0001:00011517       ??$__crt_interlocked_compare_exchange_pointer@X$$T$$T@@YAPAXPDSAX$$T1@Z 10012517 f i libvcruntime:winapi_downlevel.obj
 0001:00011529       ??$__crt_interlocked_exchange_pointer@UHINSTANCE__@@PAU1@@@YAPAUHINSTANCE__@@PDSAU0@QAU0@@Z 10012529 f i libvcruntime:winapi_downlevel.obj
 0001:00011536       ??$__crt_interlocked_exchange_pointer@UHINSTANCE__@@PAX@@YAPAUHINSTANCE__@@PDSAU0@QAX@Z 10012536 f i libvcruntime:winapi_downlevel.obj
 0001:00011543       ??$__crt_interlocked_exchange_pointer@XPAX@@YAPAXPDSAXQAX@Z 10012543 f i libvcruntime:winapi_downlevel.obj
 0001:00011550       ??$__crt_interlocked_read_pointer@UHINSTANCE__@@@@YAPAUHINSTANCE__@@PDSAU0@@Z 10012550 f i libvcruntime:winapi_downlevel.obj
 0001:00011560       ??$__crt_interlocked_read_pointer@X@@YAPAXPDSAX@Z 10012560 f i libvcruntime:winapi_downlevel.obj
 0001:00011570       ?__crt_fast_encode_pointer@@YA?AU__crt_fast_encoded_nullptr_t@@$$T@Z 10012570 f i libvcruntime:winapi_downlevel.obj
 0001:00011813       ___vcrt_EventRegister      10012813 f   libvcruntime:winapi_downlevel.obj
 0001:00011853       ___vcrt_EventSetInformation 10012853 f   libvcruntime:winapi_downlevel.obj
 0001:00011896       ___vcrt_EventUnregister    10012896 f   libvcruntime:winapi_downlevel.obj
 0001:000118d0       ___vcrt_EventWriteTransfer 100128d0 f   libvcruntime:winapi_downlevel.obj
 0001:00011919       ___vcrt_FlsAlloc           10012919 f   libvcruntime:winapi_downlevel.obj
 0001:00011953       ___vcrt_FlsFree            10012953 f   libvcruntime:winapi_downlevel.obj
 0001:0001198d       ___vcrt_FlsGetValue        1001298d f   libvcruntime:winapi_downlevel.obj
 0001:000119c7       ___vcrt_FlsSetValue        100129c7 f   libvcruntime:winapi_downlevel.obj
 0001:00011a04       ___vcrt_InitializeCriticalSectionEx 10012a04 f   libvcruntime:winapi_downlevel.obj
 0001:00011a4a       ___vcrt_initialize_winapi_thunks 10012a4a f   libvcruntime:winapi_downlevel.obj
 0001:00011a84       ___vcrt_uninitialize_winapi_thunks 10012a84 f   libvcruntime:winapi_downlevel.obj
 0001:00011ab6       ??$?B$$A6AXXZ@__crt_fast_encoded_nullptr_t@@QBEP6AXXZXZ 10012ab6 f i libvcruntime:purevirt_data.obj
 0001:00011ace       ??$__crt_fast_encode_pointer@P6AXXZ@@YAP6AXXZQ6AXXZ@Z 10012ace f i libvcruntime:purevirt_data.obj
 0001:00011aeb       ___vcrt_initialize_pure_virtual_call_handler 10012aeb f   libvcruntime:purevirt_data.obj
 0001:00011b08       ??$__vcrt_va_start_verify_argument_type@QBD@@YAXXZ 10012b08 f i libvcruntime:undname.obj
 0001:00011b09       ??0Block@_HeapManager@@QAE@XZ 10012b09 f i libvcruntime:undname.obj
 0001:00011b0f       ??0DName@@QAE@AAPBDD@Z     10012b0f f   libvcruntime:undname.obj
 0001:00011bc8       ??0DName@@QAE@ABV0@@Z      10012bc8 f i libvcruntime:undname.obj
 0001:00011bde       ??0DName@@QAE@D@Z          10012bde f   libvcruntime:undname.obj
 0001:00011c0a       ??0DName@@QAE@PAV0@@Z      10012c0a f   libvcruntime:undname.obj
 0001:00011c57       ??0DName@@QAE@PBD@Z        10012c57 f   libvcruntime:undname.obj
 0001:00011c91       ??0DName@@QAE@W4DNameStatus@@@Z 10012c91 f   libvcruntime:undname.obj
 0001:00011cd4       ??0DName@@QAE@XZ           10012cd4 f i libvcruntime:undname.obj
 0001:00011ce5       ??0DName@@QAE@_J@Z         10012ce5 f   libvcruntime:undname.obj
 0001:00011d7a       ??0DName@@QAE@_K@Z         10012d7a f   libvcruntime:undname.obj
 0001:00011de9       ??0DNameNode@@IAE@XZ       10012de9 f   libvcruntime:undname.obj
 0001:00011df2       ??0DNameStatusNode@@AAE@W4DNameStatus@@@Z 10012df2 f   libvcruntime:undname.obj
 0001:00011e15       ??0Replicator@@QAE@XZ      10012e15 f i libvcruntime:undname.obj
 0001:00011e1b       ??0UnDecorator@@QAE@PADPBDHP6APADJ@ZK@Z 10012e1b f i libvcruntime:undname.obj
 0001:00011e84       ??0charNode@@QAE@D@Z       10012e84 f   libvcruntime:undname.obj
 0001:00011e99       ??0pDNameNode@@QAE@PAVDName@@@Z 10012e99 f   libvcruntime:undname.obj
 0001:00011ec1       ??0pairNode@@QAE@PAVDNameNode@@0@Z 10012ec1 f   libvcruntime:undname.obj
 0001:00011ee0       ??0pcharNode@@QAE@PBDH@Z   10012ee0 f   libvcruntime:undname.obj
 0001:00011f39       ??2@YAPAXIAAV_HeapManager@@H@Z 10012f39 f i libvcruntime:undname.obj
 0001:00011f4e       ??4DName@@QAEAAV0@ABV0@@Z  10012f4e f   libvcruntime:undname.obj
 0001:00011f64       ??4DName@@QAEAAV0@D@Z      10012f64 f i libvcruntime:undname.obj
 0001:00011f90       ??4DName@@QAEAAV0@PAV0@@Z  10012f90 f   libvcruntime:undname.obj
 0001:00011fd9       ??4DName@@QAEAAV0@PBD@Z    10012fd9 f   libvcruntime:undname.obj
 0001:0001200b       ??4DName@@QAEAAV0@W4DNameStatus@@@Z 1001300b f   libvcruntime:undname.obj
 0001:00012040       ??AReplicator@@QBE?AVDName@@H@Z 10013040 f   libvcruntime:undname.obj
 0001:0001207c       ??BUnDecorator@@QAEPADXZ   1001307c f i libvcruntime:undname.obj
 0001:000121f5       ??H@YA?AVDName@@DABV0@@Z   100131f5 f i libvcruntime:undname.obj
 0001:00012219       ??H@YA?AVDName@@PBDABV0@@Z 10013219 f i libvcruntime:undname.obj
 0001:0001223d       ??H@YA?AVDName@@W4DNameStatus@@ABV0@@Z 1001323d f i libvcruntime:undname.obj
 0001:00012261       ??HDName@@QBE?AV0@ABV0@@Z  10013261 f   libvcruntime:undname.obj
 0001:00012283       ??HDName@@QBE?AV0@D@Z      10013283 f   libvcruntime:undname.obj
 0001:000122a5       ??HDName@@QBE?AV0@PAV0@@Z  100132a5 f   libvcruntime:undname.obj
 0001:000122c7       ??HDName@@QBE?AV0@PBD@Z    100132c7 f   libvcruntime:undname.obj
 0001:000122e9       ??HDName@@QBE?AV0@W4DNameStatus@@@Z 100132e9 f   libvcruntime:undname.obj
 0001:0001230b       ??YDName@@QAEAAV0@ABV0@@Z  1001330b f   libvcruntime:undname.obj
 0001:0001234e       ??YDName@@QAEAAV0@D@Z      1001334e f   libvcruntime:undname.obj
 0001:0001239e       ??YDName@@QAEAAV0@PAV0@@Z  1001339e f   libvcruntime:undname.obj
 0001:00012403       ??YDName@@QAEAAV0@PBD@Z    10013403 f   libvcruntime:undname.obj
 0001:00012464       ??YDName@@QAEAAV0@W4DNameStatus@@@Z 10013464 f   libvcruntime:undname.obj
 0001:000124a4       ??YReplicator@@QAEAAV0@ABVDName@@@Z 100134a4 f   libvcruntime:undname.obj
 0001:000124ee       ??_5DName@@QAEAAV0@ABV0@@Z 100134ee f   libvcruntime:undname.obj
 0001:0001250a       ?Constructor@_HeapManager@@QAEXP6APAXI@ZP6AXPAX@Z@Z 1001350a f i libvcruntime:undname.obj
 0001:00012527       ?Destructor@_HeapManager@@QAEXXZ 10013527 f i libvcruntime:undname.obj
 0001:00012560       ?UScore@UnDecorator@@SAPBDW4Tokens@@@Z 10013560 f   libvcruntime:undname.obj
 0001:0001257d       ?append@DName@@AAEXPAVDNameNode@@@Z 1001357d f   libvcruntime:undname.obj
 0001:000125c3       ?composeDeclaration@UnDecorator@@CA?AVDName@@ABV2@@Z 100135c3 f i libvcruntime:undname.obj
 0001:000132bf       ?doAccessSpecifiers@UnDecorator@@SAHXZ 100142bf f i libvcruntime:undname.obj
 0001:000132cd       ?doAllocationLanguage@UnDecorator@@SAHXZ 100142cd f i libvcruntime:undname.obj
 0001:000132db       ?doAllocationModel@UnDecorator@@SAHXZ 100142db f i libvcruntime:undname.obj
 0001:000132e9       ?doEcsu@UnDecorator@@SAHXZ 100142e9 f i libvcruntime:undname.obj
 0001:000132f7       ?doEllipsis@UnDecorator@@SAHXZ 100142f7 f i libvcruntime:undname.obj
 0001:00013305       ?doFunctionReturns@UnDecorator@@SAHXZ 10014305 f i libvcruntime:undname.obj
 0001:00013313       ?doMSKeywords@UnDecorator@@SAHXZ 10014313 f i libvcruntime:undname.obj
 0001:00013320       ?doMemberTypes@UnDecorator@@SAHXZ 10014320 f i libvcruntime:undname.obj
 0001:0001332e       ?doNameOnly@UnDecorator@@SAHXZ 1001432e f i libvcruntime:undname.obj
 0001:00013339       ?doNoIdentCharCheck@UnDecorator@@SAHXZ 10014339 f i libvcruntime:undname.obj
 0001:00013344       ?doPchar@DName@@AAEXPBDH@Z 10014344 f   libvcruntime:undname.obj
 0001:000133ce       ?doPtr64@UnDecorator@@SAHXZ 100143ce f i libvcruntime:undname.obj
 0001:000133dc       ?doRestrictionSpec@UnDecorator@@SAHXZ 100143dc f i libvcruntime:undname.obj
 0001:000133ea       ?doThisTypes@UnDecorator@@SAHXZ 100143ea f i libvcruntime:undname.obj
 0001:000133fc       ?doThrowTypes@UnDecorator@@SAHXZ 100143fc f i libvcruntime:undname.obj
 0001:0001340a       ?doTypeOnly@UnDecorator@@SAHXZ 1001440a f i libvcruntime:undname.obj
 0001:00013415       ?doUnderScore@UnDecorator@@SAHXZ 10014415 f i libvcruntime:undname.obj
 0001:00013420       ?getArgumentList@UnDecorator@@CA?AVDName@@XZ 10014420 f   libvcruntime:undname.obj
 0001:0001352c       ?getArgumentTypes@UnDecorator@@CA?AVDName@@XZ 1001452c f   libvcruntime:undname.obj
 0001:0001360c       ?getArrayType@UnDecorator@@CA?AVDName@@ABV2@@Z 1001460c f i libvcruntime:undname.obj
 0001:0001380e       ?getBasedType@UnDecorator@@CA?AVDName@@XZ 1001480e f   libvcruntime:undname.obj
 0001:000138a7       ?getBasicDataType@UnDecorator@@CA?AVDName@@ABV2@@Z 100148a7 f   libvcruntime:undname.obj
 0001:00013c96       ?getCallIndex@UnDecorator@@CA?AVDName@@XZ 10014c96 f i libvcruntime:undname.obj
 0001:00013caa       ?getCallingConvention@UnDecorator@@CA?AVDName@@XZ 10014caa f   libvcruntime:undname.obj
 0001:00013d69       ?getDataIndirectType@UnDecorator@@CA?AVDName@@ABV2@PBD0H@Z 10014d69 f   libvcruntime:undname.obj
 0001:0001438c       ?getDataIndirectType@UnDecorator@@CA?AVDName@@XZ 1001538c f i libvcruntime:undname.obj
 0001:000143c5       ?getDataType@UnDecorator@@CA?AVDName@@PAV2@@Z 100153c5 f   libvcruntime:undname.obj
 0001:00014497       ?getDecoratedName@UnDecorator@@CA?AVDName@@XZ 10015497 f   libvcruntime:undname.obj
 0001:000146e3       ?getDimension@UnDecorator@@CA?AVDName@@_N@Z 100156e3 f   libvcruntime:undname.obj
 0001:0001481a       ?getDispatchTarget@UnDecorator@@CA?AVDName@@XZ 1001581a f   libvcruntime:undname.obj
 0001:00014875       ?getDisplacement@UnDecorator@@CA?AVDName@@XZ 10015875 f i libvcruntime:undname.obj
 0001:00014889       ?getECSUDataType@UnDecorator@@CA?AVDName@@XZ 10015889 f   libvcruntime:undname.obj
 0001:000149a6       ?getECSUName@UnDecorator@@CA?AVDName@@XZ 100159a6 f i libvcruntime:undname.obj
 0001:000149b7       ?getEnumType@UnDecorator@@CA?AVDName@@XZ 100159b7 f i libvcruntime:undname.obj
 0001:00014aa3       ?getExtendedDataIndirectType@UnDecorator@@CA?AVDName@@AAPBDAA_NH@Z 10015aa3 f   libvcruntime:undname.obj
 0001:00014c4c       ?getExternalDataType@UnDecorator@@CA?AVDName@@ABV2@@Z 10015c4c f i libvcruntime:undname.obj
 0001:00014cc5       ?getFunctionIndirectType@UnDecorator@@CA?AVDName@@ABV2@@Z 10015cc5 f   libvcruntime:undname.obj
 0001:000150ce       ?getGuardNumber@UnDecorator@@CA?AVDName@@XZ 100160ce f i libvcruntime:undname.obj
 0001:000150e2       ?getLastChar@DName@@QBEDXZ 100160e2 f i libvcruntime:undname.obj
 0001:00015101       ?getLastChar@DNameStatusNode@@UBEDXZ 10016101 f i libvcruntime:undname.obj
 0001:0001510d       ?getLastChar@charNode@@UBEDXZ 1001610d f i libvcruntime:undname.obj
 0001:00015111       ?getLastChar@pDNameNode@@UBEDXZ 10016111 f i libvcruntime:undname.obj
 0001:0001511f       ?getLastChar@pairNode@@UBEDXZ 1001611f f i libvcruntime:undname.obj
 0001:00015152       ?getLastChar@pcharNode@@UBEDXZ 10016152 f i libvcruntime:undname.obj
 0001:00015164       ?getLexicalFrame@UnDecorator@@CA?AVDName@@XZ 10016164 f i libvcruntime:undname.obj
 0001:000151a1       ?getMemory@_HeapManager@@QAEPAXIH@Z 100161a1 f   libvcruntime:undname.obj
 0001:0001522f       ?getNumberOfDimensions@UnDecorator@@CAHXZ 1001622f f   libvcruntime:undname.obj
 0001:00015290       ?getOperatorName@UnDecorator@@CA?AVDName@@_NPA_N@Z 10016290 f i libvcruntime:undname.obj
 0001:000158b7       ?getPointerType@UnDecorator@@CA?AVDName@@ABV2@0@Z 100168b7 f i libvcruntime:undname.obj
 0001:000158d5       ?getPointerTypeArray@UnDecorator@@CA?AVDName@@ABV2@0@Z 100168d5 f i libvcruntime:undname.obj
 0001:000158f3       ?getPrimaryDataType@UnDecorator@@CA?AVDName@@ABV2@@Z 100168f3 f   libvcruntime:undname.obj
 0001:00015ae7       ?getPtrRefDataType@UnDecorator@@CA?AVDName@@ABV2@H@Z 10016ae7 f   libvcruntime:undname.obj
 0001:00015be9       ?getPtrRefType@UnDecorator@@CA?AVDName@@ABV2@0PBD@Z 10016be9 f   libvcruntime:undname.obj
 0001:00015ce5       ?getReferenceType@UnDecorator@@CA?AVDName@@ABV2@0PBD@Z 10016ce5 f i libvcruntime:undname.obj
 0001:00015d01       ?getRestrictionSpec@UnDecorator@@CA?AVDName@@XZ 10016d01 f   libvcruntime:undname.obj
 0001:00015df3       ?getReturnType@UnDecorator@@CA?AVDName@@PAV2@@Z 10016df3 f   libvcruntime:undname.obj
 0001:00015e22       ?getScope@UnDecorator@@CA?AVDName@@XZ 10016e22 f   libvcruntime:undname.obj
 0001:00016200       ?getScopedName@UnDecorator@@CA?AVDName@@XZ 10017200 f   libvcruntime:undname.obj
 0001:000162fb       ?getSignedDimension@UnDecorator@@CA?AVDName@@XZ 100172fb f   libvcruntime:undname.obj
 0001:0001634e       ?getStorageConvention@UnDecorator@@CA?AVDName@@XZ 1001734e f i libvcruntime:undname.obj
 0001:0001635f       ?getString@DName@@QBEPADPAD0@Z 1001735f f i libvcruntime:undname.obj
 0001:0001638b       ?getString@DName@@QBEPADPADH@Z 1001738b f i libvcruntime:undname.obj
 0001:000163e1       ?getString@DNameStatusNode@@UBEPADPAD0@Z 100173e1 f i libvcruntime:undname.obj
 0001:00016408       ?getString@charNode@@UBEPADPAD0@Z 10017408 f i libvcruntime:undname.obj
 0001:0001641d       ?getString@pDNameNode@@UBEPADPAD0@Z 1001741d f i libvcruntime:undname.obj
 0001:00016434       ?getString@pairNode@@UBEPADPAD0@Z 10017434 f i libvcruntime:undname.obj
 0001:00016478       ?getString@pcharNode@@UBEPADPAD0@Z 10017478 f i libvcruntime:undname.obj
 0001:00016493       ?getStringEncoding@UnDecorator@@CA?AVDName@@PADH@Z 10017493 f   libvcruntime:undname.obj
 0001:00016536       ?getStringHelper@@YAPADPAD00H@Z 10017536 f i libvcruntime:undname.obj
 0001:0001656d       ?getSymbolName@UnDecorator@@CA?AVDName@@XZ 1001756d f i libvcruntime:undname.obj
 0001:000165b5       ?getTemplateArgumentList@UnDecorator@@CA?AVDName@@XZ 100175b5 f   libvcruntime:undname.obj
 0001:00016859       ?getTemplateConstant@UnDecorator@@CA?AVDName@@XZ 10017859 f   libvcruntime:undname.obj
 0001:00016b9d       ?getTemplateName@UnDecorator@@CA?AVDName@@_N@Z 10017b9d f   libvcruntime:undname.obj
 0001:00016cf3       ?getThisType@UnDecorator@@CA?AVDName@@XZ 10017cf3 f i libvcruntime:undname.obj
 0001:00016d2d       ?getThrowTypes@UnDecorator@@CA?AVDName@@XZ 10017d2d f   libvcruntime:undname.obj
 0001:00016db7       ?getTypeEncoding@UnDecorator@@CAHXZ 10017db7 f i libvcruntime:undname.obj
 0001:000170e7       ?getVCallThunkType@UnDecorator@@CA?AVDName@@XZ 100180e7 f i libvcruntime:undname.obj
 0001:00017122       ?getVbTableType@UnDecorator@@CA?AVDName@@ABV2@@Z 10018122 f i libvcruntime:undname.obj
 0001:00017137       ?getVdispMapType@UnDecorator@@CA?AVDName@@ABV2@@Z 10018137 f i libvcruntime:undname.obj
 0001:0001718d       ?getVfTableType@UnDecorator@@CA?AVDName@@ABV2@@Z 1001818d f i libvcruntime:undname.obj
 0001:000172f2       ?getZName@UnDecorator@@CA?AVDName@@_N0@Z 100182f2 f   libvcruntime:undname.obj
 0001:00017532       ?haveTemplateParameters@UnDecorator@@SAHXZ 10018532 f i libvcruntime:undname.obj
 0001:0001753d       ?isArray@DName@@QBEHXZ     1001853d f i libvcruntime:undname.obj
 0001:00017547       ?isComArray@DName@@QBEHXZ  10018547 f i libvcruntime:undname.obj
 0001:00017551       ?isEmpty@DName@@QBEHXZ     10018551 f i libvcruntime:undname.obj
 0001:00017559       ?isFull@Replicator@@QBEHXZ 10018559 f i libvcruntime:undname.obj
 0001:00017562       ?isNoTE@DName@@QBEHXZ      10018562 f i libvcruntime:undname.obj
 0001:0001756c       ?isPinPtr@DName@@QBEHXZ    1001856c f i libvcruntime:undname.obj
 0001:00017576       ?isPtrRef@DName@@QBEHXZ    10018576 f i libvcruntime:undname.obj
 0001:00017580       ?isUDC@DName@@QBEHXZ       10018580 f i libvcruntime:undname.obj
 0001:00017591       ?isUDTThunk@DName@@QBEHXZ  10018591 f i libvcruntime:undname.obj
 0001:000175a2       ?isVCallThunk@DName@@QBEHXZ 100185a2 f i libvcruntime:undname.obj
 0001:000175ac       ?isValid@DName@@QBEHXZ     100185ac f i libvcruntime:undname.obj
 0001:000175b6       ?length@DName@@QBEHXZ      100185b6 f i libvcruntime:undname.obj
 0001:000175d4       ?length@DNameStatusNode@@UBEHXZ 100185d4 f i libvcruntime:undname.obj
 0001:000175d8       ?length@charNode@@UBEHXZ   100185d8 f i libvcruntime:undname.obj
 0001:000175dc       ?length@pDNameNode@@UBEHXZ 100185dc f i libvcruntime:undname.obj
 0001:000175ea       ?length@pairNode@@UBEHXZ   100185ea f i libvcruntime:undname.obj
 0001:00017634       ?length@pcharNode@@UBEHXZ  10018634 f i libvcruntime:undname.obj
 0001:00017638       ?make@DNameStatusNode@@SAPAV1@W4DNameStatus@@@Z 10018638 f i libvcruntime:undname.obj
 0001:000176be       ?setIsArray@DName@@QAEXXZ  100186be f i libvcruntime:undname.obj
 0001:000176c6       ?setIsComArray@DName@@QAEXXZ 100186c6 f i libvcruntime:undname.obj
 0001:000176ce       ?setIsNoTE@DName@@QAEXXZ   100186ce f i libvcruntime:undname.obj
 0001:000176d6       ?setIsPinPtr@DName@@QAEXXZ 100186d6 f i libvcruntime:undname.obj
 0001:000176de       ?setIsUDC@DName@@QAEXXZ    100186de f i libvcruntime:undname.obj
 0001:000176eb       ?setIsVCallThunk@DName@@QAEXXZ 100186eb f i libvcruntime:undname.obj
 0001:000176f3       ?setPtrRef@DName@@QAEAAV1@XZ 100186f3 f i libvcruntime:undname.obj
 0001:000176fd       ?status@DName@@QBE?AW4DNameStatus@@XZ 100186fd f i libvcruntime:undname.obj
 0001:00017769       ___unDName                 10018769 f   libvcruntime:undname.obj
 0001:000177fe       ___unDNameEx               100187fe f   libvcruntime:undname.obj
 0001:00017893       __vsprintf_s_l             10018893 f i libvcruntime:undname.obj
 0001:000178c0       _sprintf_s                 100188c0 f i libvcruntime:undname.obj
 0001:000178e0       __global_unwind2           100188e0 f   libvcruntime:_exsup_.obj
 0001:00017945       __local_unwind2            10018945 f   libvcruntime:_exsup_.obj
 0001:000179c9       __abnormal_termination     100189c9 f   libvcruntime:_exsup_.obj
 0001:000179ec       __NLG_Notify1              100189ec f   libvcruntime:_exsup_.obj
 0001:000179f5       __NLG_Notify               100189f5 f   libvcruntime:_exsup_.obj
 0001:00017a0c       __NLG_Dispatch2            10018a0c     libvcruntime:_exsup_.obj
 0001:00017a0c       __NLG_Dispatch             10018a0c     libvcruntime:_exsup_.obj
 0001:00017a14       __NLG_Call                 10018a14 f   libvcruntime:_exsup_.obj
 0001:00017a16       __NLG_Return2              10018a16     libvcruntime:_exsup_.obj
 0001:00017a17       ??$__crt_fast_decode_pointer@P6AXXZ@@YAP6AXXZQ6AXXZ@Z 10018a17 f i libvcruntime:purevirt.obj
 0001:00017a2b       ??$__crt_interlocked_compare_exchange_pointer@$$A6AXXZ$$T$$T@@YAP6AXXZPDS6AXXZ$$T1@Z 10018a2b f i libvcruntime:purevirt.obj
 0001:00017a3d       ??$__crt_interlocked_exchange_pointer@$$A6AXXZP6AXXZ@@YAP6AXXZPDS6AXXZQ6AXXZ@Z 10018a3d f i libvcruntime:purevirt.obj
 0001:00017a4a       ??$__crt_interlocked_read_pointer@$$A6AXXZ@@YAP6AXXZPDS6AXXZ@Z 10018a4a f i libvcruntime:purevirt.obj
 0001:00017a5a       __get_purecall_handler     10018a5a f   libvcruntime:purevirt.obj
 0001:00017a79       __purecall                 10018a79 f   libvcruntime:purevirt.obj
 0001:00017a94       __set_purecall_handler     10018a94 f   libvcruntime:purevirt.obj
 0001:00017e41       __lseek                    10018e41 f   libucrt:lseek.obj
 0001:00017e4c       __lseek_nolock             10018e4c f   libucrt:lseek.obj
 0001:00017e57       __lseeki64                 10018e57 f   libucrt:lseek.obj
 0001:00017e72       __lseeki64_nolock          10018e72 f   libucrt:lseek.obj
 0001:00017e8d       ??$?R_W@__crt_internal_free_policy@@QBEXQB_W@Z 10018e8d f i libucrt:open.obj
 0001:00017e9f       ??$__vcrt_va_start_verify_argument_type@$$CBH@@YAXXZ 10018e9f f i libucrt:open.obj
 0001:00018198       ??$tsopen_nolock@PAHABQAHABQBDABHABHABHABH@?$__crt_char_traits@D@@SAH$$QAPAHABQAHABQBDABH333@Z 10019198 f i libucrt:open.obj
 0001:000181ca       ??$tsopen_nolock@PAHABQAHABQB_WABHABHABHABH@?$__crt_char_traits@_W@@SAH$$QAPAHABQAHABQB_WABH333@Z 100191ca f i libucrt:open.obj
 0001:000181fc       ??$tsopen_nolock@PAHPAHABQBDABHHABHH@?$__crt_char_traits@D@@SAH$$QAPAH0ABQBDABH$$QAH23@Z 100191fc f i libucrt:open.obj
 0001:0001822e       ??$tsopen_nolock@PAHPAHABQB_WABHHABHH@?$__crt_char_traits@_W@@SAH$$QAPAH0ABQB_WABH$$QAH23@Z 1001922e f i libucrt:open.obj
 0001:00018260       ??0?$__crt_unique_heap_ptr@_WU__crt_internal_free_policy@@@@QAE@QA_W@Z 10019260 f i libucrt:open.obj
 0001:00018270       ??1?$__crt_unique_heap_ptr@_WU__crt_internal_free_policy@@@@QAE@XZ 10019270 f i libucrt:open.obj
 0001:000187e0       ?release@?$__crt_unique_heap_ptr@_WU__crt_internal_free_policy@@@@QAEXXZ 100197e0 f i libucrt:open.obj
 0001:000188a2       __invoke_watson_if_error   100198a2 f i libucrt:open.obj
 0001:000188c4       __open                     100198c4 f   libucrt:open.obj
 0001:000188dc       __sopen                    100198dc f   libucrt:open.obj
 0001:00018911       __sopen_dispatch           10019911 f   libucrt:open.obj
 0001:0001891c       __sopen_nolock             1001991c f   libucrt:open.obj
 0001:0001896d       __sopen_s                  1001996d f   libucrt:open.obj
 0001:0001898d       __wopen                    1001998d f   libucrt:open.obj
 0001:000189a5       __wsopen                   100199a5 f   libucrt:open.obj
 0001:000189da       __wsopen_dispatch          100199da f   libucrt:open.obj
 0001:000189e5       __wsopen_nolock            100199e5 f   libucrt:open.obj
 0001:00018d0e       __wsopen_s                 10019d0e f   libucrt:open.obj
 0001:00018d2e       ??$__crt_interlocked_read@J@@YAJPDJ@Z 10019d2e f i libucrt:wcstombs.obj
 0001:00018d3a       ??0_LocaleUpdate@@QAE@QAU__crt_locale_pointers@@@Z 10019d3a f i libucrt:wcstombs.obj
 0001:00018dbd       ??1_LocaleUpdate@@QAE@XZ   10019dbd f i libucrt:wcstombs.obj
 0001:00018dcd       ?GetLocaleT@_LocaleUpdate@@QAEPAU__crt_locale_pointers@@XZ 10019dcd f i libucrt:wcstombs.obj
 0001:00018dd1       ?__crt_interlocked_read_32@@YAHPDH@Z 10019dd1 f i libucrt:wcstombs.obj
 0001:00019095       ___acrt_locale_changed     1001a095 f i libucrt:wcstombs.obj
 0001:000190a3       __wcstombs_l               1001a0a3 f   libucrt:wcstombs.obj
 0001:000190ae       __wcstombs_s_l             1001a0ae f   libucrt:wcstombs.obj
 0001:0001917b       _wcstombs                  1001a17b f   libucrt:wcstombs.obj
 0001:00019195       _wcstombs_s                1001a195 f   libucrt:wcstombs.obj
 0001:000191b5       ??$?0ABV?$stream_output_adapter@D@__crt_stdio_output@@AB_KABQBDABQAU__crt_locale_pointers@@ABQAD@?$format_validation_base@DV?$stream_output_adapter@D@__crt_stdio_output@@@__crt_stdio_output@@IAE@ABV?$stream_output_adapter@D@1@AB_KABQBDABQAU__crt_locale_pointers@@ABQAD@Z 1001a1b5 f i libucrt:output.obj
 0001:000191d8       ??$?0ABV?$stream_output_adapter@D@__crt_stdio_output@@AB_KABQBDABQAU__crt_locale_pointers@@ABQAD@?$positional_parameter_base@DV?$stream_output_adapter@D@__crt_stdio_output@@@__crt_stdio_output@@IAE@ABV?$stream_output_adapter@D@1@AB_KABQBDABQAU__crt_locale_pointers@@ABQAD@Z 1001a1d8 f i libucrt:output.obj
 0001:00019220       ??$?0ABV?$stream_output_adapter@D@__crt_stdio_output@@AB_KABQBDABQAU__crt_locale_pointers@@ABQAD@?$standard_base@DV?$stream_output_adapter@D@__crt_stdio_output@@@__crt_stdio_output@@IAE@ABV?$stream_output_adapter@D@1@AB_KABQBDABQAU__crt_locale_pointers@@ABQAD@Z 1001a220 f i libucrt:output.obj
 0001:00019255       ??$?0ABV?$stream_output_adapter@_W@__crt_stdio_output@@AB_KABQB_WABQAU__crt_locale_pointers@@ABQAD@?$format_validation_base@_WV?$stream_output_adapter@_W@__crt_stdio_output@@@__crt_stdio_output@@IAE@ABV?$stream_output_adapter@_W@1@AB_KABQB_WABQAU__crt_locale_pointers@@ABQAD@Z 1001a255 f i libucrt:output.obj
 0001:00019278       ??$?0ABV?$stream_output_adapter@_W@__crt_stdio_output@@AB_KABQB_WABQAU__crt_locale_pointers@@ABQAD@?$positional_parameter_base@_WV?$stream_output_adapter@_W@__crt_stdio_output@@@__crt_stdio_output@@IAE@ABV?$stream_output_adapter@_W@1@AB_KABQB_WABQAU__crt_locale_pointers@@ABQAD@Z 1001a278 f i libucrt:output.obj
 0001:000192c0       ??$?0ABV?$stream_output_adapter@_W@__crt_stdio_output@@AB_KABQB_WABQAU__crt_locale_pointers@@ABQAD@?$standard_base@_WV?$stream_output_adapter@_W@__crt_stdio_output@@@__crt_stdio_output@@IAE@ABV?$stream_output_adapter@_W@1@AB_KABQB_WABQAU__crt_locale_pointers@@ABQAD@Z 1001a2c0 f i libucrt:output.obj
 0001:000192f5       ??$?0ABV?$string_output_adapter@D@__crt_stdio_output@@AB_KABQBDABQAU__crt_locale_pointers@@ABQAD@?$format_validation_base@DV?$string_output_adapter@D@__crt_stdio_output@@@__crt_stdio_output@@IAE@ABV?$string_output_adapter@D@1@AB_KABQBDABQAU__crt_locale_pointers@@ABQAD@Z 1001a2f5 f i libucrt:output.obj
 0001:00019318       ??$?0ABV?$string_output_adapter@D@__crt_stdio_output@@AB_KABQBDABQAU__crt_locale_pointers@@ABQAD@?$positional_parameter_base@DV?$string_output_adapter@D@__crt_stdio_output@@@__crt_stdio_output@@IAE@ABV?$string_output_adapter@D@1@AB_KABQBDABQAU__crt_locale_pointers@@ABQAD@Z 1001a318 f i libucrt:output.obj
 0001:00019360       ??$?0ABV?$string_output_adapter@D@__crt_stdio_output@@AB_KABQBDABQAU__crt_locale_pointers@@ABQAD@?$standard_base@DV?$string_output_adapter@D@__crt_stdio_output@@@__crt_stdio_output@@IAE@ABV?$string_output_adapter@D@1@AB_KABQBDABQAU__crt_locale_pointers@@ABQAD@Z 1001a360 f i libucrt:output.obj
 0001:00019395       ??$?0ABV?$string_output_adapter@_W@__crt_stdio_output@@AB_KABQB_WABQAU__crt_locale_pointers@@ABQAD@?$format_validation_base@_WV?$string_output_adapter@_W@__crt_stdio_output@@@__crt_stdio_output@@IAE@ABV?$string_output_adapter@_W@1@AB_KABQB_WABQAU__crt_locale_pointers@@ABQAD@Z 1001a395 f i libucrt:output.obj
 0001:000193b8       ??$?0ABV?$string_output_adapter@_W@__crt_stdio_output@@AB_KABQB_WABQAU__crt_locale_pointers@@ABQAD@?$positional_parameter_base@_WV?$string_output_adapter@_W@__crt_stdio_output@@@__crt_stdio_output@@IAE@ABV?$string_output_adapter@_W@1@AB_KABQB_WABQAU__crt_locale_pointers@@ABQAD@Z 1001a3b8 f i libucrt:output.obj
 0001:00019400       ??$?0ABV?$string_output_adapter@_W@__crt_stdio_output@@AB_KABQB_WABQAU__crt_locale_pointers@@ABQAD@?$standard_base@_WV?$string_output_adapter@_W@__crt_stdio_output@@@__crt_stdio_output@@IAE@ABV?$string_output_adapter@_W@1@AB_KABQB_WABQAU__crt_locale_pointers@@ABQAD@Z 1001a400 f i libucrt:output.obj
 0001:00019435       ??$?RV<lambda_2293f24e3ce1ad6fe22ccfb9dec07671>@@AAV<lambda_2565fc715a641e539f44ad02d6823606>@@V<lambda_d3217f279b832965d9ca670dc2993570>@@@?$__crt_seh_guarded_call@H@@QAEH$$QAV<lambda_2293f24e3ce1ad6fe22ccfb9dec07671>@@AAV<lambda_2565fc715a641e539f44ad02d6823606>@@$$QAV<lambda_d3217f279b832965d9ca670dc2993570>@@@Z 1001a435 f i libucrt:output.obj
 0001:00019486       ??$?RV<lambda_4d4ac866be0fa3c441830420fabdd2cb>@@AAV<lambda_63a10c2dc8dbb9e4dd1890be52af7c93>@@V<lambda_002af9fa0f8fe472b648c51882d4fc32>@@@?$__crt_seh_guarded_call@H@@QAEH$$QAV<lambda_4d4ac866be0fa3c441830420fabdd2cb>@@AAV<lambda_63a10c2dc8dbb9e4dd1890be52af7c93>@@$$QAV<lambda_002af9fa0f8fe472b648c51882d4fc32>@@@Z 1001a486 f i libucrt:output.obj
 0001:000194d7       ??$?RV<lambda_5be909dfbae0a631386585770cd7b676>@@AAV<lambda_e516058a9c289d98c8ca9fea99247804>@@V<lambda_afe2e0cdc5e0ecf6f0d6f5e2f8985e38>@@@?$__crt_seh_guarded_call@H@@QAEH$$QAV<lambda_5be909dfbae0a631386585770cd7b676>@@AAV<lambda_e516058a9c289d98c8ca9fea99247804>@@$$QAV<lambda_afe2e0cdc5e0ecf6f0d6f5e2f8985e38>@@@Z 1001a4d7 f i libucrt:output.obj
 0001:00019528       ??$?RV<lambda_823d65812123d985753d53e2a8c25d20>@@AAV<lambda_0a97c9e57da7be065955385c79108ff2>@@V<lambda_4d2973f3ad2d226f00468307185dca1b>@@@?$__crt_seh_guarded_call@H@@QAEH$$QAV<lambda_823d65812123d985753d53e2a8c25d20>@@AAV<lambda_0a97c9e57da7be065955385c79108ff2>@@$$QAV<lambda_4d2973f3ad2d226f00468307185dca1b>@@@Z 1001a528 f i libucrt:output.obj
 0001:00019579       ??$?RV<lambda_ab9923ffb5d694ec0d78876dd103e44f>@@AAV<lambda_481dd5778c961fbcd3b60b650e9b9dc4>@@V<lambda_7923d86c9e3f319b415918ec4b39749c>@@@?$__crt_seh_guarded_call@H@@QAEH$$QAV<lambda_ab9923ffb5d694ec0d78876dd103e44f>@@AAV<lambda_481dd5778c961fbcd3b60b650e9b9dc4>@@$$QAV<lambda_7923d86c9e3f319b415918ec4b39749c>@@@Z 1001a579 f i libucrt:output.obj
 0001:000195ca       ??$?RV<lambda_db08b09ef7aa9d4f8620ce68402612bc>@@AAV<lambda_4f2c1eaeead2a5fc776db5b62ea0fb9b>@@V<lambda_3ae262bc35d4ba6a3825c4f6bcaaf95c>@@@?$__crt_seh_guarded_call@H@@QAEH$$QAV<lambda_db08b09ef7aa9d4f8620ce68402612bc>@@AAV<lambda_4f2c1eaeead2a5fc776db5b62ea0fb9b>@@$$QAV<lambda_3ae262bc35d4ba6a3825c4f6bcaaf95c>@@@Z 1001a5ca f i libucrt:output.obj
 0001:0001961b       ??$__acrt_lock_stream_and_call@V<lambda_0a97c9e57da7be065955385c79108ff2>@@@@YAHQAU_iobuf@@$$QAV<lambda_0a97c9e57da7be065955385c79108ff2>@@@Z 1001a61b f i libucrt:output.obj
 0001:00019643       ??$__acrt_lock_stream_and_call@V<lambda_2565fc715a641e539f44ad02d6823606>@@@@YAHQAU_iobuf@@$$QAV<lambda_2565fc715a641e539f44ad02d6823606>@@@Z 1001a643 f i libucrt:output.obj
 0001:0001966b       ??$__acrt_lock_stream_and_call@V<lambda_481dd5778c961fbcd3b60b650e9b9dc4>@@@@YAHQAU_iobuf@@$$QAV<lambda_481dd5778c961fbcd3b60b650e9b9dc4>@@@Z 1001a66b f i libucrt:output.obj
 0001:00019693       ??$__acrt_lock_stream_and_call@V<lambda_4f2c1eaeead2a5fc776db5b62ea0fb9b>@@@@YAHQAU_iobuf@@$$QAV<lambda_4f2c1eaeead2a5fc776db5b62ea0fb9b>@@@Z 1001a693 f i libucrt:output.obj
 0001:000196bb       ??$__acrt_lock_stream_and_call@V<lambda_63a10c2dc8dbb9e4dd1890be52af7c93>@@@@YAHQAU_iobuf@@$$QAV<lambda_63a10c2dc8dbb9e4dd1890be52af7c93>@@@Z 1001a6bb f i libucrt:output.obj
 0001:000196e3       ??$__acrt_lock_stream_and_call@V<lambda_e516058a9c289d98c8ca9fea99247804>@@@@YAHQAU_iobuf@@$$QAV<lambda_e516058a9c289d98c8ca9fea99247804>@@@Z 1001a6e3 f i libucrt:output.obj
 0001:0001a5a4       ??$count@D@formatting_buffer@__crt_stdio_output@@QBEIXZ 1001b5a4 f i libucrt:output.obj
 0001:0001a5bc       ??$data@D@formatting_buffer@__crt_stdio_output@@QAEPADXZ 1001b5bc f i libucrt:output.obj
 0001:0001a5c9       ??$data@_W@formatting_buffer@__crt_stdio_output@@QAEPA_WXZ 1001b5c9 f i libucrt:output.obj
 0001:0001a5d6       ??$ensure_buffer_is_big_enough@D@formatting_buffer@__crt_stdio_output@@QAE_NI@Z 1001b5d6 f i libucrt:output.obj
 0001:0001a65c       ??$extract_argument_from_va_list@C_J@?$positional_parameter_base@DV?$stream_output_adapter@D@__crt_stdio_output@@@__crt_stdio_output@@IAE_NAA_J@Z 1001b65c f i libucrt:output.obj
 0001:0001a6db       ??$extract_argument_from_va_list@C_J@?$positional_parameter_base@DV?$string_output_adapter@D@__crt_stdio_output@@@__crt_stdio_output@@IAE_NAA_J@Z 1001b6db f i libucrt:output.obj
 0001:0001a75a       ??$extract_argument_from_va_list@C_J@?$positional_parameter_base@_WV?$stream_output_adapter@_W@__crt_stdio_output@@@__crt_stdio_output@@IAE_NAA_J@Z 1001b75a f i libucrt:output.obj
 0001:0001a7d9       ??$extract_argument_from_va_list@C_J@?$positional_parameter_base@_WV?$string_output_adapter@_W@__crt_stdio_output@@@__crt_stdio_output@@IAE_NAA_J@Z 1001b7d9 f i libucrt:output.obj
 0001:0001a858       ??$extract_argument_from_va_list@C_J@?$standard_base@DV?$stream_output_adapter@D@__crt_stdio_output@@@__crt_stdio_output@@IAE_NAA_J@Z 1001b858 f i libucrt:output.obj
 0001:0001a877       ??$extract_argument_from_va_list@C_J@?$standard_base@DV?$string_output_adapter@D@__crt_stdio_output@@@__crt_stdio_output@@IAE_NAA_J@Z 1001b877 f i libucrt:output.obj
 0001:0001a896       ??$extract_argument_from_va_list@C_J@?$standard_base@_WV?$stream_output_adapter@_W@__crt_stdio_output@@@__crt_stdio_output@@IAE_NAA_J@Z 1001b896 f i libucrt:output.obj
 0001:0001a8b5       ??$extract_argument_from_va_list@C_J@?$standard_base@_WV?$string_output_adapter@_W@__crt_stdio_output@@@__crt_stdio_output@@IAE_NAA_J@Z 1001b8b5 f i libucrt:output.obj
 0001:0001a8d4       ??$extract_argument_from_va_list@E_J@?$positional_parameter_base@DV?$stream_output_adapter@D@__crt_stdio_output@@@__crt_stdio_output@@IAE_NAA_J@Z 1001b8d4 f i libucrt:output.obj
 0001:0001a953       ??$extract_argument_from_va_list@E_J@?$positional_parameter_base@DV?$string_output_adapter@D@__crt_stdio_output@@@__crt_stdio_output@@IAE_NAA_J@Z 1001b953 f i libucrt:output.obj
 0001:0001a9d2       ??$extract_argument_from_va_list@E_J@?$positional_parameter_base@_WV?$stream_output_adapter@_W@__crt_stdio_output@@@__crt_stdio_output@@IAE_NAA_J@Z 1001b9d2 f i libucrt:output.obj
 0001:0001aa51       ??$extract_argument_from_va_list@E_J@?$positional_parameter_base@_WV?$string_output_adapter@_W@__crt_stdio_output@@@__crt_stdio_output@@IAE_NAA_J@Z 1001ba51 f i libucrt:output.obj
 0001:0001aad0       ??$extract_argument_from_va_list@E_J@?$standard_base@DV?$stream_output_adapter@D@__crt_stdio_output@@@__crt_stdio_output@@IAE_NAA_J@Z 1001bad0 f i libucrt:output.obj
 0001:0001aaef       ??$extract_argument_from_va_list@E_J@?$standard_base@DV?$string_output_adapter@D@__crt_stdio_output@@@__crt_stdio_output@@IAE_NAA_J@Z 1001baef f i libucrt:output.obj
 0001:0001ab0e       ??$extract_argument_from_va_list@E_J@?$standard_base@_WV?$stream_output_adapter@_W@__crt_stdio_output@@@__crt_stdio_output@@IAE_NAA_J@Z 1001bb0e f i libucrt:output.obj
 0001:0001ab2d       ??$extract_argument_from_va_list@E_J@?$standard_base@_WV?$string_output_adapter@_W@__crt_stdio_output@@@__crt_stdio_output@@IAE_NAA_J@Z 1001bb2d f i libucrt:output.obj
 0001:0001ab4c       ??$extract_argument_from_va_list@F_J@?$positional_parameter_base@DV?$stream_output_adapter@D@__crt_stdio_output@@@__crt_stdio_output@@IAE_NAA_J@Z 1001bb4c f i libucrt:output.obj
 0001:0001abcb       ??$extract_argument_from_va_list@F_J@?$positional_parameter_base@DV?$string_output_adapter@D@__crt_stdio_output@@@__crt_stdio_output@@IAE_NAA_J@Z 1001bbcb f i libucrt:output.obj
 0001:0001ac4a       ??$extract_argument_from_va_list@F_J@?$positional_parameter_base@_WV?$stream_output_adapter@_W@__crt_stdio_output@@@__crt_stdio_output@@IAE_NAA_J@Z 1001bc4a f i libucrt:output.obj
 0001:0001acc9       ??$extract_argument_from_va_list@F_J@?$positional_parameter_base@_WV?$string_output_adapter@_W@__crt_stdio_output@@@__crt_stdio_output@@IAE_NAA_J@Z 1001bcc9 f i libucrt:output.obj
 0001:0001ad48       ??$extract_argument_from_va_list@F_J@?$standard_base@DV?$stream_output_adapter@D@__crt_stdio_output@@@__crt_stdio_output@@IAE_NAA_J@Z 1001bd48 f i libucrt:output.obj
 0001:0001ad67       ??$extract_argument_from_va_list@F_J@?$standard_base@DV?$string_output_adapter@D@__crt_stdio_output@@@__crt_stdio_output@@IAE_NAA_J@Z 1001bd67 f i libucrt:output.obj
 0001:0001ad86       ??$extract_argument_from_va_list@F_J@?$standard_base@_WV?$stream_output_adapter@_W@__crt_stdio_output@@@__crt_stdio_output@@IAE_NAA_J@Z 1001bd86 f i libucrt:output.obj
 0001:0001ada5       ??$extract_argument_from_va_list@F_J@?$standard_base@_WV?$string_output_adapter@_W@__crt_stdio_output@@@__crt_stdio_output@@IAE_NAA_J@Z 1001bda5 f i libucrt:output.obj
 0001:0001adc4       ??$extract_argument_from_va_list@GD@?$positional_parameter_base@DV?$stream_output_adapter@D@__crt_stdio_output@@@__crt_stdio_output@@IAE_NAAD@Z 1001bdc4 f i libucrt:output.obj
 0001:0001ae42       ??$extract_argument_from_va_list@GD@?$positional_parameter_base@DV?$string_output_adapter@D@__crt_stdio_output@@@__crt_stdio_output@@IAE_NAAD@Z 1001be42 f i libucrt:output.obj
 0001:0001aec0       ??$extract_argument_from_va_list@GD@?$standard_base@DV?$stream_output_adapter@D@__crt_stdio_output@@@__crt_stdio_output@@IAE_NAAD@Z 1001bec0 f i libucrt:output.obj
 0001:0001aeda       ??$extract_argument_from_va_list@GD@?$standard_base@DV?$string_output_adapter@D@__crt_stdio_output@@@__crt_stdio_output@@IAE_NAAD@Z 1001beda f i libucrt:output.obj
 0001:0001aef4       ??$extract_argument_from_va_list@G_J@?$positional_parameter_base@DV?$stream_output_adapter@D@__crt_stdio_output@@@__crt_stdio_output@@IAE_NAA_J@Z 1001bef4 f i libucrt:output.obj
 0001:0001af73       ??$extract_argument_from_va_list@G_J@?$positional_parameter_base@DV?$string_output_adapter@D@__crt_stdio_output@@@__crt_stdio_output@@IAE_NAA_J@Z 1001bf73 f i libucrt:output.obj
 0001:0001aff2       ??$extract_argument_from_va_list@G_J@?$positional_parameter_base@_WV?$stream_output_adapter@_W@__crt_stdio_output@@@__crt_stdio_output@@IAE_NAA_J@Z 1001bff2 f i libucrt:output.obj
 0001:0001b071       ??$extract_argument_from_va_list@G_J@?$positional_parameter_base@_WV?$string_output_adapter@_W@__crt_stdio_output@@@__crt_stdio_output@@IAE_NAA_J@Z 1001c071 f i libucrt:output.obj
 0001:0001b0f0       ??$extract_argument_from_va_list@G_J@?$standard_base@DV?$stream_output_adapter@D@__crt_stdio_output@@@__crt_stdio_output@@IAE_NAA_J@Z 1001c0f0 f i libucrt:output.obj
 0001:0001b10f       ??$extract_argument_from_va_list@G_J@?$standard_base@DV?$string_output_adapter@D@__crt_stdio_output@@@__crt_stdio_output@@IAE_NAA_J@Z 1001c10f f i libucrt:output.obj
 0001:0001b12e       ??$extract_argument_from_va_list@G_J@?$standard_base@_WV?$stream_output_adapter@_W@__crt_stdio_output@@@__crt_stdio_output@@IAE_NAA_J@Z 1001c12e f i libucrt:output.obj
 0001:0001b14d       ??$extract_argument_from_va_list@G_J@?$standard_base@_WV?$string_output_adapter@_W@__crt_stdio_output@@@__crt_stdio_output@@IAE_NAA_J@Z 1001c14d f i libucrt:output.obj
 0001:0001b16c       ??$extract_argument_from_va_list@H_J@?$positional_parameter_base@DV?$stream_output_adapter@D@__crt_stdio_output@@@__crt_stdio_output@@IAE_NAA_J@Z 1001c16c f i libucrt:output.obj
 0001:0001b1e9       ??$extract_argument_from_va_list@H_J@?$positional_parameter_base@DV?$string_output_adapter@D@__crt_stdio_output@@@__crt_stdio_output@@IAE_NAA_J@Z 1001c1e9 f i libucrt:output.obj
 0001:0001b266       ??$extract_argument_from_va_list@H_J@?$positional_parameter_base@_WV?$stream_output_adapter@_W@__crt_stdio_output@@@__crt_stdio_output@@IAE_NAA_J@Z 1001c266 f i libucrt:output.obj
 0001:0001b2e3       ??$extract_argument_from_va_list@H_J@?$positional_parameter_base@_WV?$string_output_adapter@_W@__crt_stdio_output@@@__crt_stdio_output@@IAE_NAA_J@Z 1001c2e3 f i libucrt:output.obj
 0001:0001b360       ??$extract_argument_from_va_list@H_J@?$standard_base@DV?$stream_output_adapter@D@__crt_stdio_output@@@__crt_stdio_output@@IAE_NAA_J@Z 1001c360 f i libucrt:output.obj
 0001:0001b37e       ??$extract_argument_from_va_list@H_J@?$standard_base@DV?$string_output_adapter@D@__crt_stdio_output@@@__crt_stdio_output@@IAE_NAA_J@Z 1001c37e f i libucrt:output.obj
 0001:0001b39c       ??$extract_argument_from_va_list@H_J@?$standard_base@_WV?$stream_output_adapter@_W@__crt_stdio_output@@@__crt_stdio_output@@IAE_NAA_J@Z 1001c39c f i libucrt:output.obj
 0001:0001b3ba       ??$extract_argument_from_va_list@H_J@?$standard_base@_WV?$string_output_adapter@_W@__crt_stdio_output@@@__crt_stdio_output@@IAE_NAA_J@Z 1001c3ba f i libucrt:output.obj
 0001:0001b3d8       ??$extract_argument_from_va_list@I_J@?$positional_parameter_base@DV?$stream_output_adapter@D@__crt_stdio_output@@@__crt_stdio_output@@IAE_NAA_J@Z 1001c3d8 f i libucrt:output.obj
 0001:0001b45e       ??$extract_argument_from_va_list@I_J@?$positional_parameter_base@DV?$string_output_adapter@D@__crt_stdio_output@@@__crt_stdio_output@@IAE_NAA_J@Z 1001c45e f i libucrt:output.obj
 0001:0001b4e4       ??$extract_argument_from_va_list@I_J@?$positional_parameter_base@_WV?$stream_output_adapter@_W@__crt_stdio_output@@@__crt_stdio_output@@IAE_NAA_J@Z 1001c4e4 f i libucrt:output.obj
 0001:0001b56a       ??$extract_argument_from_va_list@I_J@?$positional_parameter_base@_WV?$string_output_adapter@_W@__crt_stdio_output@@@__crt_stdio_output@@IAE_NAA_J@Z 1001c56a f i libucrt:output.obj
 0001:0001b5f0       ??$extract_argument_from_va_list@I_J@?$standard_base@DV?$stream_output_adapter@D@__crt_stdio_output@@@__crt_stdio_output@@IAE_NAA_J@Z 1001c5f0 f i libucrt:output.obj
 0001:0001b60e       ??$extract_argument_from_va_list@I_J@?$standard_base@DV?$string_output_adapter@D@__crt_stdio_output@@@__crt_stdio_output@@IAE_NAA_J@Z 1001c60e f i libucrt:output.obj
 0001:0001b62c       ??$extract_argument_from_va_list@I_J@?$standard_base@_WV?$stream_output_adapter@_W@__crt_stdio_output@@@__crt_stdio_output@@IAE_NAA_J@Z 1001c62c f i libucrt:output.obj
 0001:0001b64a       ??$extract_argument_from_va_list@I_J@?$standard_base@_WV?$string_output_adapter@_W@__crt_stdio_output@@@__crt_stdio_output@@IAE_NAA_J@Z 1001c64a f i libucrt:output.obj
 0001:0001b668       ??$extract_argument_from_va_list@PADPAD@?$positional_parameter_base@DV?$stream_output_adapter@D@__crt_stdio_output@@@__crt_stdio_output@@IAE_NAAPAD@Z 1001c668 f i libucrt:output.obj
 0001:0001b6e6       ??$extract_argument_from_va_list@PADPAD@?$positional_parameter_base@DV?$string_output_adapter@D@__crt_stdio_output@@@__crt_stdio_output@@IAE_NAAPAD@Z 1001c6e6 f i libucrt:output.obj
 0001:0001b764       ??$extract_argument_from_va_list@PADPAD@?$positional_parameter_base@_WV?$stream_output_adapter@_W@__crt_stdio_output@@@__crt_stdio_output@@IAE_NAAPAD@Z 1001c764 f i libucrt:output.obj
 0001:0001b7e2       ??$extract_argument_from_va_list@PADPAD@?$positional_parameter_base@_WV?$string_output_adapter@_W@__crt_stdio_output@@@__crt_stdio_output@@IAE_NAAPAD@Z 1001c7e2 f i libucrt:output.obj
 0001:0001b860       ??$extract_argument_from_va_list@PADPAD@?$standard_base@DV?$stream_output_adapter@D@__crt_stdio_output@@@__crt_stdio_output@@IAE_NAAPAD@Z 1001c860 f i libucrt:output.obj
 0001:0001b87a       ??$extract_argument_from_va_list@PADPAD@?$standard_base@DV?$string_output_adapter@D@__crt_stdio_output@@@__crt_stdio_output@@IAE_NAAPAD@Z 1001c87a f i libucrt:output.obj
 0001:0001b894       ??$extract_argument_from_va_list@PADPAD@?$standard_base@_WV?$stream_output_adapter@_W@__crt_stdio_output@@@__crt_stdio_output@@IAE_NAAPAD@Z 1001c894 f i libucrt:output.obj
 0001:0001b8ae       ??$extract_argument_from_va_list@PADPAD@?$standard_base@_WV?$string_output_adapter@_W@__crt_stdio_output@@@__crt_stdio_output@@IAE_NAAPAD@Z 1001c8ae f i libucrt:output.obj
 0001:0001b8c8       ??$extract_argument_from_va_list@PAUansi_string@?1??type_case_Z@?$output_processor@DV?$stream_output_adapter@D@__crt_stdio_output@@V?$format_validation_base@DV?$stream_output_adapter@D@__crt_stdio_output@@@2@@__crt_stdio_output@@AAE_NXZ@PAU1?1??234@AAE_NXZ@@?$standard_base@DV?$stream_output_adapter@D@__crt_stdio_output@@@__crt_stdio_output@@IAE_NAAPAUansi_string@?1??type_case_Z@?$output_processor@DV?$stream_output_adapter@D@__crt_stdio_output@@V?$format_validation_base@DV?$stream_output_adapter@D@__crt_stdio_output@@@2@@1@AAE_NXZ@@Z 1001c8c8 f i libucrt:output.obj
 0001:0001b8e2       ??$extract_argument_from_va_list@PAUansi_string@?1??type_case_Z@?$output_processor@DV?$stream_output_adapter@D@__crt_stdio_output@@V?$positional_parameter_base@DV?$stream_output_adapter@D@__crt_stdio_output@@@2@@__crt_stdio_output@@AAE_NXZ@PAU1?1??234@AAE_NXZ@@?$positional_parameter_base@DV?$stream_output_adapter@D@__crt_stdio_output@@@__crt_stdio_output@@IAE_NAAPAUansi_string@?1??type_case_Z@?$output_processor@DV?$stream_output_adapter@D@__crt_stdio_output@@V?$positional_parameter_base@DV?$stream_output_adapter@D@__crt_stdio_output@@@2@@1@AAE_NXZ@@Z 1001c8e2 f i libucrt:output.obj
 0001:0001b960       ??$extract_argument_from_va_list@PAUansi_string@?1??type_case_Z@?$output_processor@DV?$stream_output_adapter@D@__crt_stdio_output@@V?$positional_parameter_base@DV?$stream_output_adapter@D@__crt_stdio_output@@@2@@__crt_stdio_output@@AAE_NXZ@PAU1?1??234@AAE_NXZ@@?$standard_base@DV?$stream_output_adapter@D@__crt_stdio_output@@@__crt_stdio_output@@IAE_NAAPAUansi_string@?1??type_case_Z@?$output_processor@DV?$stream_output_adapter@D@__crt_stdio_output@@V?$positional_parameter_base@DV?$stream_output_adapter@D@__crt_stdio_output@@@2@@1@AAE_NXZ@@Z 1001c960 f i libucrt:output.obj
 0001:0001b97a       ??$extract_argument_from_va_list@PAUansi_string@?1??type_case_Z@?$output_processor@DV?$stream_output_adapter@D@__crt_stdio_output@@V?$standard_base@DV?$stream_output_adapter@D@__crt_stdio_output@@@2@@__crt_stdio_output@@AAE_NXZ@PAU1?1??234@AAE_NXZ@@?$standard_base@DV?$stream_output_adapter@D@__crt_stdio_output@@@__crt_stdio_output@@IAE_NAAPAUansi_string@?1??type_case_Z@?$output_processor@DV?$stream_output_adapter@D@__crt_stdio_output@@V?$standard_base@DV?$stream_output_adapter@D@__crt_stdio_output@@@2@@1@AAE_NXZ@@Z 1001c97a f i libucrt:output.obj
 0001:0001b994       ??$extract_argument_from_va_list@PAUansi_string@?1??type_case_Z@?$output_processor@DV?$string_output_adapter@D@__crt_stdio_output@@V?$format_validation_base@DV?$string_output_adapter@D@__crt_stdio_output@@@2@@__crt_stdio_output@@AAE_NXZ@PAU1?1??234@AAE_NXZ@@?$standard_base@DV?$string_output_adapter@D@__crt_stdio_output@@@__crt_stdio_output@@IAE_NAAPAUansi_string@?1??type_case_Z@?$output_processor@DV?$string_output_adapter@D@__crt_stdio_output@@V?$format_validation_base@DV?$string_output_adapter@D@__crt_stdio_output@@@2@@1@AAE_NXZ@@Z 1001c994 f i libucrt:output.obj
 0001:0001b9ae       ??$extract_argument_from_va_list@PAUansi_string@?1??type_case_Z@?$output_processor@DV?$string_output_adapter@D@__crt_stdio_output@@V?$positional_parameter_base@DV?$string_output_adapter@D@__crt_stdio_output@@@2@@__crt_stdio_output@@AAE_NXZ@PAU1?1??234@AAE_NXZ@@?$positional_parameter_base@DV?$string_output_adapter@D@__crt_stdio_output@@@__crt_stdio_output@@IAE_NAAPAUansi_string@?1??type_case_Z@?$output_processor@DV?$string_output_adapter@D@__crt_stdio_output@@V?$positional_parameter_base@DV?$string_output_adapter@D@__crt_stdio_output@@@2@@1@AAE_NXZ@@Z 1001c9ae f i libucrt:output.obj
 0001:0001ba2c       ??$extract_argument_from_va_list@PAUansi_string@?1??type_case_Z@?$output_processor@DV?$string_output_adapter@D@__crt_stdio_output@@V?$positional_parameter_base@DV?$string_output_adapter@D@__crt_stdio_output@@@2@@__crt_stdio_output@@AAE_NXZ@PAU1?1??234@AAE_NXZ@@?$standard_base@DV?$string_output_adapter@D@__crt_stdio_output@@@__crt_stdio_output@@IAE_NAAPAUansi_string@?1??type_case_Z@?$output_processor@DV?$string_output_adapter@D@__crt_stdio_output@@V?$positional_parameter_base@DV?$string_output_adapter@D@__crt_stdio_output@@@2@@1@AAE_NXZ@@Z 1001ca2c f i libucrt:output.obj
 0001:0001ba46       ??$extract_argument_from_va_list@PAUansi_string@?1??type_case_Z@?$output_processor@DV?$string_output_adapter@D@__crt_stdio_output@@V?$standard_base@DV?$string_output_adapter@D@__crt_stdio_output@@@2@@__crt_stdio_output@@AAE_NXZ@PAU1?1??234@AAE_NXZ@@?$standard_base@DV?$string_output_adapter@D@__crt_stdio_output@@@__crt_stdio_output@@IAE_NAAPAUansi_string@?1??type_case_Z@?$output_processor@DV?$string_output_adapter@D@__crt_stdio_output@@V?$standard_base@DV?$string_output_adapter@D@__crt_stdio_output@@@2@@1@AAE_NXZ@@Z 1001ca46 f i libucrt:output.obj
 0001:0001ba60       ??$extract_argument_from_va_list@PAUansi_string@?1??type_case_Z@?$output_processor@_WV?$stream_output_adapter@_W@__crt_stdio_output@@V?$format_validation_base@_WV?$stream_output_adapter@_W@__crt_stdio_output@@@2@@__crt_stdio_output@@AAE_NXZ@PAU1?1??234@AAE_NXZ@@?$standard_base@_WV?$stream_output_adapter@_W@__crt_stdio_output@@@__crt_stdio_output@@IAE_NAAPAUansi_string@?1??type_case_Z@?$output_processor@_WV?$stream_output_adapter@_W@__crt_stdio_output@@V?$format_validation_base@_WV?$stream_output_adapter@_W@__crt_stdio_output@@@2@@1@AAE_NXZ@@Z 1001ca60 f i libucrt:output.obj
 0001:0001ba7a       ??$extract_argument_from_va_list@PAUansi_string@?1??type_case_Z@?$output_processor@_WV?$stream_output_adapter@_W@__crt_stdio_output@@V?$positional_parameter_base@_WV?$stream_output_adapter@_W@__crt_stdio_output@@@2@@__crt_stdio_output@@AAE_NXZ@PAU1?1??234@AAE_NXZ@@?$positional_parameter_base@_WV?$stream_output_adapter@_W@__crt_stdio_output@@@__crt_stdio_output@@IAE_NAAPAUansi_string@?1??type_case_Z@?$output_processor@_WV?$stream_output_adapter@_W@__crt_stdio_output@@V?$positional_parameter_base@_WV?$stream_output_adapter@_W@__crt_stdio_output@@@2@@1@AAE_NXZ@@Z 1001ca7a f i libucrt:output.obj
 0001:0001baf8       ??$extract_argument_from_va_list@PAUansi_string@?1??type_case_Z@?$output_processor@_WV?$stream_output_adapter@_W@__crt_stdio_output@@V?$positional_parameter_base@_WV?$stream_output_adapter@_W@__crt_stdio_output@@@2@@__crt_stdio_output@@AAE_NXZ@PAU1?1??234@AAE_NXZ@@?$standard_base@_WV?$stream_output_adapter@_W@__crt_stdio_output@@@__crt_stdio_output@@IAE_NAAPAUansi_string@?1??type_case_Z@?$output_processor@_WV?$stream_output_adapter@_W@__crt_stdio_output@@V?$positional_parameter_base@_WV?$stream_output_adapter@_W@__crt_stdio_output@@@2@@1@AAE_NXZ@@Z 1001caf8 f i libucrt:output.obj
 0001:0001bb12       ??$extract_argument_from_va_list@PAUansi_string@?1??type_case_Z@?$output_processor@_WV?$stream_output_adapter@_W@__crt_stdio_output@@V?$standard_base@_WV?$stream_output_adapter@_W@__crt_stdio_output@@@2@@__crt_stdio_output@@AAE_NXZ@PAU1?1??234@AAE_NXZ@@?$standard_base@_WV?$stream_output_adapter@_W@__crt_stdio_output@@@__crt_stdio_output@@IAE_NAAPAUansi_string@?1??type_case_Z@?$output_processor@_WV?$stream_output_adapter@_W@__crt_stdio_output@@V?$standard_base@_WV?$stream_output_adapter@_W@__crt_stdio_output@@@2@@1@AAE_NXZ@@Z 1001cb12 f i libucrt:output.obj
 0001:0001bb2c       ??$extract_argument_from_va_list@PAUansi_string@?1??type_case_Z@?$output_processor@_WV?$string_output_adapter@_W@__crt_stdio_output@@V?$format_validation_base@_WV?$string_output_adapter@_W@__crt_stdio_output@@@2@@__crt_stdio_output@@AAE_NXZ@PAU1?1??234@AAE_NXZ@@?$standard_base@_WV?$string_output_adapter@_W@__crt_stdio_output@@@__crt_stdio_output@@IAE_NAAPAUansi_string@?1??type_case_Z@?$output_processor@_WV?$string_output_adapter@_W@__crt_stdio_output@@V?$format_validation_base@_WV?$string_output_adapter@_W@__crt_stdio_output@@@2@@1@AAE_NXZ@@Z 1001cb2c f i libucrt:output.obj
 0001:0001bb46       ??$extract_argument_from_va_list@PAUansi_string@?1??type_case_Z@?$output_processor@_WV?$string_output_adapter@_W@__crt_stdio_output@@V?$positional_parameter_base@_WV?$string_output_adapter@_W@__crt_stdio_output@@@2@@__crt_stdio_output@@AAE_NXZ@PAU1?1??234@AAE_NXZ@@?$positional_parameter_base@_WV?$string_output_adapter@_W@__crt_stdio_output@@@__crt_stdio_output@@IAE_NAAPAUansi_string@?1??type_case_Z@?$output_processor@_WV?$string_output_adapter@_W@__crt_stdio_output@@V?$positional_parameter_base@_WV?$string_output_adapter@_W@__crt_stdio_output@@@2@@1@AAE_NXZ@@Z 1001cb46 f i libucrt:output.obj
 0001:0001bbc4       ??$extract_argument_from_va_list@PAUansi_string@?1??type_case_Z@?$output_processor@_WV?$string_output_adapter@_W@__crt_stdio_output@@V?$positional_parameter_base@_WV?$string_output_adapter@_W@__crt_stdio_output@@@2@@__crt_stdio_output@@AAE_NXZ@PAU1?1??234@AAE_NXZ@@?$standard_base@_WV?$string_output_adapter@_W@__crt_stdio_output@@@__crt_stdio_output@@IAE_NAAPAUansi_string@?1??type_case_Z@?$output_processor@_WV?$string_output_adapter@_W@__crt_stdio_output@@V?$positional_parameter_base@_WV?$string_output_adapter@_W@__crt_stdio_output@@@2@@1@AAE_NXZ@@Z 1001cbc4 f i libucrt:output.obj
 0001:0001bbde       ??$extract_argument_from_va_list@PAUansi_string@?1??type_case_Z@?$output_processor@_WV?$string_output_adapter@_W@__crt_stdio_output@@V?$standard_base@_WV?$string_output_adapter@_W@__crt_stdio_output@@@2@@__crt_stdio_output@@AAE_NXZ@PAU1?1??234@AAE_NXZ@@?$standard_base@_WV?$string_output_adapter@_W@__crt_stdio_output@@@__crt_stdio_output@@IAE_NAAPAUansi_string@?1??type_case_Z@?$output_processor@_WV?$string_output_adapter@_W@__crt_stdio_output@@V?$standard_base@_WV?$string_output_adapter@_W@__crt_stdio_output@@@2@@1@AAE_NXZ@@Z 1001cbde f i libucrt:output.obj
 0001:0001bbf8       ??$extract_argument_from_va_list@PAXPAX@?$positional_parameter_base@DV?$stream_output_adapter@D@__crt_stdio_output@@@__crt_stdio_output@@IAE_NAAPAX@Z 1001cbf8 f i libucrt:output.obj
 0001:0001bc76       ??$extract_argument_from_va_list@PAXPAX@?$positional_parameter_base@DV?$string_output_adapter@D@__crt_stdio_output@@@__crt_stdio_output@@IAE_NAAPAX@Z 1001cc76 f i libucrt:output.obj
 0001:0001bcf4       ??$extract_argument_from_va_list@PAXPAX@?$positional_parameter_base@_WV?$stream_output_adapter@_W@__crt_stdio_output@@@__crt_stdio_output@@IAE_NAAPAX@Z 1001ccf4 f i libucrt:output.obj
 0001:0001bd72       ??$extract_argument_from_va_list@PAXPAX@?$positional_parameter_base@_WV?$string_output_adapter@_W@__crt_stdio_output@@@__crt_stdio_output@@IAE_NAAPAX@Z 1001cd72 f i libucrt:output.obj
 0001:0001bdf0       ??$extract_argument_from_va_list@PAXPAX@?$standard_base@DV?$stream_output_adapter@D@__crt_stdio_output@@@__crt_stdio_output@@IAE_NAAPAX@Z 1001cdf0 f i libucrt:output.obj
 0001:0001be0a       ??$extract_argument_from_va_list@PAXPAX@?$standard_base@DV?$string_output_adapter@D@__crt_stdio_output@@@__crt_stdio_output@@IAE_NAAPAX@Z 1001ce0a f i libucrt:output.obj
[...]
 0002:0000c470       __sehtable$___set_fpsr_sse2 1005c470     libucrt:fpctrl.obj
 0002:0000c490       __sehtable$__IsNonwritableInCurrentImage 1005c490     LIBCMT:pesect.obj
 0002:0000c4b0       .edata                     1005c4b0     zlibwapi.exp
 0002:0000c4d8       rgpv                       1005c4d8     zlibwapi.exp
 0002:0000c794       rgszName                   1005c794     zlibwapi.exp
 0002:0000c998       rgwOrd                     1005c998     zlibwapi.exp
 0002:0000ca9a       szName                     1005ca9a     zlibwapi.exp
 0002:0000caa7       $N00001                    1005caa7     zlibwapi.exp
 0002:0000caaf       $N00140                    1005caaf     zlibwapi.exp
 0002:0000cabf       $N00174                    1005cabf     zlibwapi.exp
 0002:0000cac9       $N00039                    1005cac9     zlibwapi.exp
 0002:0000cad3       $N00002                    1005cad3     zlibwapi.exp
 0002:0000cadc       $N00046                    1005cadc     zlibwapi.exp
 0002:0000caea       $N00003                    1005caea     zlibwapi.exp
 0002:0000caf0       $N00142                    1005caf0     zlibwapi.exp
 0002:0000cafe       $N00175                    1005cafe     zlibwapi.exp
 0002:0000cb06       $N00004                    1005cb06     zlibwapi.exp
 0002:0000cb0e       $N00047                    1005cb0e     zlibwapi.exp
 0002:0000cb1b       $N00005                    1005cb1b     zlibwapi.exp
 0002:0000cb27       $N00006                    1005cb27     zlibwapi.exp
 0002:0000cb32       $N00173                    1005cb32     zlibwapi.exp
 0002:0000cb47       $N00007                    1005cb47     zlibwapi.exp
 0002:0000cb55       $N00008                    1005cb55     zlibwapi.exp
 0002:0000cb62       $N00009                    1005cb62     zlibwapi.exp
 0002:0000cb70       $N00052                    1005cb70     zlibwapi.exp
 0002:0000cb7f       $N00051                    1005cb7f     zlibwapi.exp
 0002:0000cb8c       $N00010                    1005cb8c     zlibwapi.exp
 0002:0000cb99       $N00164                    1005cb99     zlibwapi.exp
 0002:0000cbaa       $N00011                    1005cbaa     zlibwapi.exp
 0002:0000cbbf       $N00144                    1005cbbf     zlibwapi.exp
 0002:0000cbd0       $N00145                    1005cbd0     zlibwapi.exp
 0002:0000cbdc       $N00110                    1005cbdc     zlibwapi.exp
 0002:0000cbf0       $N00111                    1005cbf0     zlibwapi.exp
 0002:0000cc06       $N00112                    1005cc06     zlibwapi.exp
 0002:0000cc1d       $N00113                    1005cc1d     zlibwapi.exp
 0002:0000cc34       $N00038                    1005cc34     zlibwapi.exp
 0002:0000cc42       $N00146                    1005cc42     zlibwapi.exp
 0002:0000cc4b       $N00048                    1005cc4b     zlibwapi.exp
 0002:0000cc56       $N00012                    1005cc56     zlibwapi.exp
 0002:0000cc5e       $N00147                    1005cc5e     zlibwapi.exp
 0002:0000cc68       $N00148                    1005cc68     zlibwapi.exp
 0002:0000cc72       $N00149                    1005cc72     zlibwapi.exp
 0002:0000cc7b       $N00013                    1005cc7b     zlibwapi.exp
 0002:0000cc83       $N00034                    1005cc83     zlibwapi.exp
 0002:0000cc89       $N00014                    1005cc89     zlibwapi.exp
 0002:0000cc91       $N00015                    1005cc91     zlibwapi.exp
 0002:0000cc99       $N00171                    1005cc99     zlibwapi.exp
 0002:0000cca1       $N00172                    1005cca1     zlibwapi.exp
 0002:0000ccaa       $N00030                    1005ccaa     zlibwapi.exp
 0002:0000ccb1       $N00161                    1005ccb1     zlibwapi.exp
 0002:0000ccb9       $N00041                    1005ccb9     zlibwapi.exp
 0002:0000ccc0       $N00150                    1005ccc0     zlibwapi.exp
 0002:0000ccc9       $N00016                    1005ccc9     zlibwapi.exp
 0002:0000ccd0       $N00165                    1005ccd0     zlibwapi.exp
 0002:0000ccd9       $N00028                    1005ccd9     zlibwapi.exp
 0002:0000cce2       $N00029                    1005cce2     zlibwapi.exp
 0002:0000cce9       $N00040                    1005cce9     zlibwapi.exp
 0002:0000ccf0       $N00017                    1005ccf0     zlibwapi.exp
 0002:0000ccf7       $N00032                    1005ccf7     zlibwapi.exp
 0002:0000cd00       $N00031                    1005cd00     zlibwapi.exp
 0002:0000cd07       $N00035                    1005cd07     zlibwapi.exp
 0002:0000cd13       $N00033                    1005cd13     zlibwapi.exp
 0002:0000cd1a       $N00049                    1005cd1a     zlibwapi.exp
 0002:0000cd23       $N00167                    1005cd23     zlibwapi.exp
 0002:0000cd2d       $N00018                    1005cd2d     zlibwapi.exp
 0002:0000cd35       $N00019                    1005cd35     zlibwapi.exp
 0002:0000cd3d       $N00044                    1005cd3d     zlibwapi.exp
 0002:0000cd49       $N00045                    1005cd49     zlibwapi.exp
 0002:0000cd58       $N00043                    1005cd58     zlibwapi.exp
 0002:0000cd69       $N00168                    1005cd69     zlibwapi.exp
 0002:0000cd7a       $N00042                    1005cd7a     zlibwapi.exp
 0002:0000cd86       $N00020                    1005cd86     zlibwapi.exp
 0002:0000cd91       $N00166                    1005cd91     zlibwapi.exp
 0002:0000cda6       $N00156                    1005cda6     zlibwapi.exp
 0002:0000cdb7       $N00021                    1005cdb7     zlibwapi.exp
 0002:0000cdc5       $N00022                    1005cdc5     zlibwapi.exp
 0002:0000cdd2       $N00157                    1005cdd2     zlibwapi.exp
 0002:0000cdde       $N00158                    1005cdde     zlibwapi.exp
 0002:0000cdeb       $N00159                    1005cdeb     zlibwapi.exp
 0002:0000cdf9       $N00023                    1005cdf9     zlibwapi.exp
 0002:0000ce06       $N00163                    1005ce06     zlibwapi.exp
 0002:0000ce17       $N00024                    1005ce17     zlibwapi.exp
 0002:0000ce2c       $N00025                    1005ce2c     zlibwapi.exp
 0002:0000ce38       $N00037                    1005ce38     zlibwapi.exp
 0002:0000ce49       $N00160                    1005ce49     zlibwapi.exp
 0002:0000ce5a       $N00169                    1005ce5a     zlibwapi.exp
 0002:0000ce6a       $N00170                    1005ce6a     zlibwapi.exp
 0002:0000ce76       $N00026                    1005ce76     zlibwapi.exp
 0002:0000ce81       $N00062                    1005ce81     zlibwapi.exp
 0002:0000ce8a       $N00072                    1005ce8a     zlibwapi.exp
 0002:0000ce9e       $N00124                    1005ce9e     zlibwapi.exp
 0002:0000ceb6       $N00064                    1005ceb6     zlibwapi.exp
 0002:0000cecc       $N00125                    1005cecc     zlibwapi.exp
 0002:0000ceea       $N00127                    1005ceea     zlibwapi.exp
 0002:0000cefa       $N00100                    1005cefa     zlibwapi.exp
 0002:0000cf08       $N00073                    1005cf08     zlibwapi.exp
 0002:0000cf1c       $N00122                    1005cf1c     zlibwapi.exp
 0002:0000cf2f       $N00063                    1005cf2f     zlibwapi.exp
 0002:0000cf40       $N00076                    1005cf40     zlibwapi.exp
 0002:0000cf56       $N00128                    1005cf56     zlibwapi.exp
 0002:0000cf67       $N00101                    1005cf67     zlibwapi.exp
 0002:0000cf76       $N00065                    1005cf76     zlibwapi.exp
 0002:0000cf87       $N00066                    1005cf87     zlibwapi.exp
 0002:0000cf97       $N00075                    1005cf97     zlibwapi.exp
 0002:0000cfa5       $N00077                    1005cfa5     zlibwapi.exp
 0002:0000cfae       $N00121                    1005cfae     zlibwapi.exp
 0002:0000cfba       $N00120                    1005cfba     zlibwapi.exp
 0002:0000cfc4       $N00061                    1005cfc4     zlibwapi.exp
 0002:0000cfcc       $N00078                    1005cfcc     zlibwapi.exp
 0002:0000cfe0       $N00069                    1005cfe0     zlibwapi.exp
 0002:0000cff4       $N00067                    1005cff4     zlibwapi.exp
 0002:0000d007       $N00079                    1005d007     zlibwapi.exp
 0002:0000d022       $N00068                    1005d022     zlibwapi.exp
 0002:0000d035       $N00074                    1005d035     zlibwapi.exp
 0002:0000d04e       $N00071                    1005d04e     zlibwapi.exp
 0002:0000d055       $N00126                    1005d055     zlibwapi.exp
 0002:0000d05f       $N00070                    1005d05f     zlibwapi.exp
 0002:0000d067       $N00036                    1005d067     zlibwapi.exp
 0002:0000d06e       $N00084                    1005d06e     zlibwapi.exp
 0002:0000d077       $N00083                    1005d077     zlibwapi.exp
 0002:0000d089       $N00136                    1005d089     zlibwapi.exp
 0002:0000d0a0       $N00087                    1005d0a0     zlibwapi.exp
 0002:0000d0b5       $N00088                    1005d0b5     zlibwapi.exp
 0002:0000d0be       $N00131                    1005d0be     zlibwapi.exp
 0002:0000d0ca       $N00130                    1005d0ca     zlibwapi.exp
 0002:0000d0d4       $N00080                    1005d0d4     zlibwapi.exp
 0002:0000d0dc       $N00086                    1005d0dc     zlibwapi.exp
 0002:0000d0f1       $N00133                    1005d0f1     zlibwapi.exp
 0002:0000d109       $N00089                    1005d109     zlibwapi.exp
 0002:0000d11e       $N00134                    1005d11e     zlibwapi.exp
 0002:0000d136       $N00135                    1005d136     zlibwapi.exp
 0002:0000d14e       $N00132                    1005d14e     zlibwapi.exp
 0002:0000d164       $N00081                    1005d164     zlibwapi.exp
 0002:0000d178       $N00082                    1005d178     zlibwapi.exp
 0002:0000d18c       $N00050                    1005d18c     zlibwapi.exp
 0002:0000d19d       $N00027                    1005d19d     zlibwapi.exp
 0002:0000d3a0       .idata$6                   1005d3a0     kernel32:KERNEL32.dll
 0003:00000020       ?__vcrt_flsindex@@3KA      1005e020     libvcruntime:per_thread_data.obj
 0003:00000140       _errno_no_memory           1005e140     libucrt:errno.obj
 0003:00000144       _doserrno_no_memory        1005e144     libucrt:errno.obj
 0003:00000148       ?global_msvcrt_heap_handle_cache@?1??__acrt_get_msvcrt_heap_handle@@9@4PAXA 1005e148     libucrt:free_base.obj
 0003:00000180       ___acrt_flsindex           1005e180     libucrt:per_thread_data.obj
 0003:00000184       __ctype_loc_style          1005e184     libucrt:wsetlocale.obj
 0003:00000308       ___rgctypeflag             1005e308     libucrt:mbctype.obj
 0003:00000310       ___rgcode_page_info        1005e310     libucrt:mbctype.obj
 0003:00000890       ?__DAZ_ENABLED@?1??__set_fpsr_sse2@@9@9 1005e890     libucrt:fpctrl.obj
 0003:00000968       ?__proc_attached@@3HA      1005e968     LIBCMT:dll_dllmain.obj
 0003:00000974       ?module_local_atexit_table@@3U_onexit_table_t@@A 1005e974     LIBCMT:utility.obj
 0003:00000980       ?module_local_at_quick_exit_table@@3U_onexit_table_t@@A 1005e980     LIBCMT:utility.obj
 0003:0000098c       ?is_initialized_as_dll@@3_NA 1005e98c     LIBCMT:utility.obj
 0003:000009b8       _GS_ExceptionRecord        1005e9b8     LIBCMT:gs_report.obj
 0003:00000a08       _GS_ContextRecord          1005ea08     LIBCMT:gs_report.obj
 0003:00000cd4       ?__vcrt_startup_thread_ptd@@3U__vcrt_ptd@@A 1005ecd4     libvcruntime:per_thread_data.obj
 0003:00000cfc       ___vcrt_lock_table         1005ecfc     libvcruntime:locks.obj
 0003:00000d14       ___vcrt_locks_initialized  1005ed14     libvcruntime:locks.obj
 0003:00000d18       ?module_handles@@3PAPAUHINSTANCE__@@A 1005ed18     libvcruntime:winapi_downlevel.obj
 0003:00000d28       ?encoded_function_pointers@@3PAPAXA 1005ed28     libvcruntime:winapi_downlevel.obj
 0003:00000d78       ?heap@@3V_HeapManager@@A   1005ed78     libvcruntime:undname.obj
 0003:00000dc0       _c_termination_complete    1005edc0     libucrt:exit.obj
 0003:00000dc4       _thread_local_exit_callback_func 1005edc4     libucrt:exit.obj
 0003:00000dc8       ?c_exit_complete@?5??common_exit@@YAXHW4_crt_exit_cleanup_mode@@W4_crt_exit_return_mode@@@Z@4_NA 1005edc8     libucrt:exit.obj
 0003:00000dd0       ?program_name@?5???$common_configure_argv@D@@YAHW4_crt_argv_mode@@@Z@4PADA 1005edd0     libucrt:argv_parsing.obj
 0003:00000ed8       ?program_name@?5???$common_configure_argv@_W@@YAHW4_crt_argv_mode@@@Z@4PA_WA 1005eed8     libucrt:argv_parsing.obj
 0003:0000110c       ___acrt_invalid_parameter_handler 1005f10c     libucrt:invalid_parameter.obj
 0003:0000132c       _enable_percent_n          1005f32c     libucrt:printf_count_output.obj
 0003:00001338       _module_handles            1005f338     libucrt:winapi_thunks.obj
 0003:00001388       _encoded_function_pointers 1005f388     libucrt:winapi_thunks.obj
 0003:00001408       ?static_enum_proc@?1??enum_system_locales_ex_nolock@@YAHQ6GHPA_WKJ@Z@Z@4P6GH0KJ@ZA 1005f408     libucrt:winapi_thunks.obj
 0003:0000140c       ?state_cache@?1??__acrt_is_packaged_app@@9@4JA 1005f40c     libucrt:winapi_thunks.obj
 0003:00001410       ___acrt_lock_table         1005f410     libucrt:locks.obj
 0003:00001548       ___acrt_locks_initialized  1005f548     libucrt:locks.obj
 0003:00001564       _fSystemSet                1005f564     libucrt:mbctype.obj
 0003:00001568       ?initialized@?1??__acrt_initialize_multibyte@@9@4_NA 1005f568     libucrt:mbctype.obj
 0003:0000158c       ___acrt_new_handler        1005f58c     libucrt:new_handler.obj
 0003:00001590       _console_ctrl_handler_installed 1005f590     libucrt:signal.obj
 0003:00001594       _ctrlc_action              1005f594     libucrt:signal.obj
 0003:00001598       _ctrlbreak_action          1005f598     libucrt:signal.obj
 0003:0000159c       _abort_action              1005f59c     libucrt:signal.obj
 0003:000015a0       _term_action               1005f5a0     libucrt:signal.obj
 0003:000015a4       _user_matherr              1005f5a4     libucrt:matherr.obj
 0003:000015a8       ___acrt_global_new_mode    1005f5a8     libucrt:new_mode.obj
 0003:000015ac       ___acrt_app_type           1005f5ac     libucrt:report_runtime_error.obj
 0003:000015b0       ?outmsg@?9??__acrt_report_runtime_error@@9@4PA_WA 1005f5b0     libucrt:report_runtime_error.obj
 0003:00001be8       ___acrt_error_mode         1005fbe8     libucrt:set_error_mode.obj
 0003:00001bf0       __pmatherr_set             1005fbf0     libucrt:libm_error.obj
 0003:00001bf4       ?calls@?1??crypthead@@9@9  1005fbf4     zip.obj
 0004:00000000       __guard_fids____dcrt_uninitialize_environments_nolock 10060000     libucrt:environment_initialization.obj
 0004:00000008       __guard_fids__             10060008     libucrt:initialization.obj
 0004:00000068       __guard_fids__set_terminate 10060068     libucrt:terminate.obj
 0004:0000006c       __guard_fids___get_terminate 1006006c     libucrt:terminate.obj
 0004:00000070       __guard_fids_?get_terminate_or_default@@YAP6AXXZQBU__acrt_ptd@@@Z 10060070     libucrt:terminate.obj
 0004:00000074       __guard_fids____acrt_initialize_ptd 10060074     libucrt:per_thread_data.obj
 0004:00000078       __guard_fids__             10060078     libucrt:wsetlocale.obj
 0004:00000090       __guard_fids_?enum_system_locales_ex_nolock@@YAHQ6GHPA_WKJ@Z@Z 10060090     libucrt:winapi_thunks.obj
 0004:00000094       __guard_fids_??B<lambda_5a01b672d24c8480ee9d6bdb50dd3881>@@QBEP6GHPA_W@ZXZ 10060094     libucrt:winapi_thunks.obj
 0004:00000098       __guard_fids_??R<lambda_a463b7b0560cfcaf9b17f27c6ef46564>@@QBEHXZ 10060098     libucrt:winapi_thunks.obj
 0004:0000009c       __guard_fids_??$?RV<lambda_9227be29367c048ad7fd93a717dcb1a1>@@AAV<lambda_a463b7b0560cfcaf9b17f27c6ef46564>@@V<lambda_ccea11b5727ccf69be64f5f5d9a08d9f>@@@?$__crt_seh_guarded_call@H@@QAEH$$QAV<lambda_9227be29367c048ad7fd93a717dcb1a1>@@AAV<lambda_a463b7b0560cfcaf9b17f27c6ef46564>@@$$QAV<lambda_ccea11b5727ccf69be64f5f5d9a08d9f>@@@Z 1006009c     libucrt:winapi_thunks.obj
 0004:000000a0       __guard_fids_??$expand_argument_wildcards@D@@YAHQAD0AAV?$argument_list@D@?A0xb0e4b824@@@Z 100600a0     libucrt:argv_wildcards.obj
 0004:000000a4       __guard_fids_??$expand_argument_wildcards@_W@@YAHQA_W0AAV?$argument_list@_W@?A0xb0e4b824@@@Z 100600a4     libucrt:argv_wildcards.obj
 0004:000000a8       __guard_fids_??B<lambda_62bb7ecb46d0a77b591a051c43eb5ad1>@@QBEP6AHPBX0@ZXZ 100600a8     libucrt:argv_wildcards.obj
 0004:000000ac       __guard_fids_??B<lambda_a75c72a202f46efc7a9b191949c2fc0f>@@QBEP6AHPBX0@ZXZ 100600ac     libucrt:argv_wildcards.obj
 0004:000000b0       __guard_fids__signal       100600b0     libucrt:signal.obj
 0004:000000b4       __guard_fids__             100600b4     libucrt:locale_initializer.obj
 0004:000000b8       __guard_fids__GetLocaleNameFromLangCountry 100600b8     libucrt:get_qualified_locale.obj
 0004:000000bc       __guard_fids__GetLocaleNameFromLanguage 100600bc     libucrt:get_qualified_locale.obj
 0004:000000c0       __guard_fids__GetLcidFromLangCountry 100600c0     libucrt:getqloc_downlevel.obj
 0004:000000c4       __guard_fids__GetLcidFromLanguage 100600c4     libucrt:getqloc_downlevel.obj
 0004:000000c8       __guard_fids__GetLcidFromCountry 100600c8     libucrt:getqloc_downlevel.obj
 0004:000000cc       __guard_fids__             100600cc     libucrt:stdio_initializer.obj
 0004:000000d0       __guard_fids__             100600d0     libucrt:stdio_initializer.obj
 0004:000000d4       __guard_fids__             100600d4     libucrt:multibyte_initializer.obj
 0004:000000d8       __guard_fids_??$common_show_message_box@D@@YAHQBD0I@Z 100600d8     libucrt:crtmbox.obj
 0004:000000dc       __guard_fids_??$common_show_message_box@_W@@YAHQB_W0I@Z 100600dc     libucrt:crtmbox.obj
 0004:000000e0       __guard_fids__             100600e0     libucrt:console_output_initializer.obj
 0004:000000e4       __guard_fids____libm_error_support 100600e4     libucrt:libm_error.obj
 0004:000000e8       __guard_fids__             100600e8     libucrt:sse2_initializer.obj
 0004:000000ec       __guard_fids_?dllmain_crt_process_attach@@YAHQAUHINSTANCE__@@QAX@Z 100600ec     LIBCMT:dll_dllmain.obj
 0004:000000f4       __guard_fids_?dllmain_dispatch@@YAHQAUHINSTANCE__@@KQAX@Z 100600f4     LIBCMT:dll_dllmain.obj
 0004:000000f8       __guard_fids____scrt_set_unhandled_exception_filter 100600f8     LIBCMT:utility_desktop.obj
 0004:000000fc       __guard_fids__             100600fc     LIBCMT:guard_support.obj
 0004:00000100       __guard_fids___guard_icall_checks_enforced 10060100     LIBCMT:guard_support.obj
 0004:00000104       __guard_fids____std_type_info_name 10060104     libvcruntime:std_type_info.obj
 0004:0000010c       __guard_fids_??B<lambda_e0128dce7362637f77e3b418282c6919>@@QBEP6APAXI@ZXZ 1006010c     libvcruntime:std_type_info.obj
 0004:00000110       __guard_fids_??B<lambda_c4560dd375471d1680776ed19953e709>@@QBEP6AXQAX@ZXZ 10060110     libvcruntime:std_type_info.obj
 0004:00000114       __guard_fids____vcrt_initialize_ptd 10060114     libvcruntime:per_thread_data.obj
 0004:00000118       __guard_fids__             10060118     libvcruntime:undname.obj
 0004:00000124       __guard_fids__             10060124     libvcruntime:undname.obj
 0004:00000130       __guard_fids__             10060130     libvcruntime:undname.obj
 0004:0000013c       __guard_fids__             1006013c     libvcruntime:undname.obj
 0004:00000148       __guard_fids__             10060148     libvcruntime:undname.obj
 0004:00000154       __guard_fids__             10060154     libvcruntime:undname.obj
 0004:00000160       __guard_fids__             10060160     LIBCMT:std_type_info_static.obj
 0005:00000060       $R000000                   10061060     zlib.res
